>  	  27
 >  	  218  #ffff00
 0.000000 	 -0.429598 
5.000000 	 -0.518834 
10.000000 	 -0.625055 
15.000000 	 -0.657236 
20.000000 	 -0.616138 
25.000000 	 -0.535102 
30.000000 	 -0.413929 
35.000000 	 -0.333483 
40.000000 	 -0.199883 
45.000000 	 -0.108680 
50.000000 	 -0.126687 
55.000000 	 -0.160564 
60.000000 	 -0.107699 
65.000000 	 -0.069401 
70.000000 	 -0.113673 
75.000000 	 -0.094617 
80.000000 	 -0.084484 
85.000000 	 -0.087724 
90.000000 	 -0.098549 
95.000000 	 -0.085710 
100.000000 	 -0.058416 
105.000000 	 -0.048025 
110.000000 	 -0.011873 
115.000000 	 0.054760 
120.000000 	 0.097060 
125.000000 	 0.098372 
130.000000 	 0.110946 
135.000000 	 0.148303 
140.000000 	 0.274309 
145.000000 	 0.366186 
150.000000 	 0.316156 
155.000000 	 0.283326 
160.000000 	 0.298735 
165.000000 	 0.266453 
170.000000 	 0.286359 
175.000000 	 0.281804 
180.000000 	 0.249954 
185.000000 	 0.257191 
190.000000 	 0.295585 
195.000000 	 0.383175 
200.000000 	 0.388064 
205.000000 	 0.339988 
210.000000 	 0.290370 
215.000000 	 0.292165 
220.000000 	 0.263215 
225.000000 	 0.389124 
230.000000 	 0.479347 
235.000000 	 0.547433 
240.000000 	 0.559375 
245.000000 	 0.443573 
250.000000 	 0.378571 
255.000000 	 0.501643 
260.000000 	 0.698149 
265.000000 	 0.693076 
270.000000 	 0.679420 
275.000000 	 0.668499 
280.000000 	 0.614976 
285.000000 	 0.522635 
290.000000 	 0.383035 
295.000000 	 0.360647 
300.000000 	 0.338921 
305.000000 	 0.265848 
310.000000 	 0.183887 
315.000000 	 0.136207 
320.000000 	 0.086443 
325.000000 	 0.061796 
330.000000 	 0.025644 
335.000000 	 -0.004416 
340.000000 	 -0.017195 
345.000000 	 -0.024880 
350.000000 	 -0.035117 
355.000000 	 -0.044330 
360.000000 	 -0.052574 
365.000000 	 -0.058735 
370.000000 	 -0.063003 
375.000000 	 -0.065508 
380.000000 	 -0.067210 
385.000000 	 -0.066743 
390.000000 	 -0.067126 
395.000000 	 -0.066748 
400.000000 	 -0.065797 
405.000000 	 -0.062684 
410.000000 	 -0.060012 
415.000000 	 -0.058242 
420.000000 	 -0.055759 
425.000000 	 -0.052619 
430.000000 	 -0.050594 
435.000000 	 -0.049654 
440.000000 	 -0.048360 
445.000000 	 -0.047906 
450.000000 	 -0.047008 
455.000000 	 -0.043714 
460.000000 	 -0.042308 
465.000000 	 -0.030686 
470.000000 	 -0.012949 
475.000000 	 -0.013041 
480.000000 	 -0.000794 
485.000000 	 0.012326 
490.000000 	 0.033772 
495.000000 	 0.055736 
500.000000 	 0.000300 
505.000000 	 0.025033 
510.000000 	 0.038327 
515.000000 	 -0.017647 
520.000000 	 0.053376 
525.000000 	 0.107977 
530.000000 	 0.075208 
535.000000 	 0.313607 
540.000000 	 0.652423 
545.000000 	 0.921890 
550.000000 	 0.928433 
555.000000 	 0.875727 
560.000000 	 0.718041 
565.000000 	 0.715207 
570.000000 	 0.537516 
575.000000 	 0.433370 
580.000000 	 0.387801 
585.000000 	 0.233705 
590.000000 	 0.224135 
595.000000 	 0.204016 
600.000000 	 0.198619 
605.000000 	 0.198178 
610.000000 	 0.175917 
615.000000 	 0.171182 
620.000000 	 0.191081 
625.000000 	 0.202370 
630.000000 	 0.194155 
635.000000 	 0.165592 
640.000000 	 0.153379 
645.000000 	 0.147912 
650.000000 	 0.161981 
655.000000 	 0.163404 
660.000000 	 0.164603 
665.000000 	 0.151194 
670.000000 	 0.138101 
675.000000 	 0.135587 
680.000000 	 0.135044 
685.000000 	 0.124334 
690.000000 	 0.131370 
695.000000 	 0.138013 
700.000000 	 0.143180 
705.000000 	 0.142422 
710.000000 	 0.144960 
715.000000 	 0.143760 
720.000000 	 0.153794 
725.000000 	 0.175630 
730.000000 	 0.187264 
735.000000 	 0.173420 
740.000000 	 0.150487 
745.000000 	 0.127646 
750.000000 	 0.119738 
755.000000 	 0.119709 
760.000000 	 0.132444 
765.000000 	 0.133130 
770.000000 	 0.138415 
775.000000 	 0.145740 
780.000000 	 0.147341 
785.000000 	 0.153000 
790.000000 	 0.157341 
795.000000 	 0.173051 
800.000000 	 0.175734 
805.000000 	 0.177348 
810.000000 	 0.185197 
815.000000 	 0.186636 
820.000000 	 0.173788 
825.000000 	 0.164488 
830.000000 	 0.168450 
835.000000 	 0.172637 
840.000000 	 0.176898 
845.000000 	 0.175167 
850.000000 	 0.173553 
855.000000 	 0.156501 
860.000000 	 0.149857 
865.000000 	 0.148888 
870.000000 	 0.139356 
875.000000 	 0.119503 
880.000000 	 0.111757 
885.000000 	 0.116085 
890.000000 	 0.111200 
895.000000 	 0.122486 
900.000000 	 0.113810 
905.000000 	 0.100863 
910.000000 	 0.095735 
915.000000 	 0.094161 
920.000000 	 0.092910 
925.000000 	 0.094354 
930.000000 	 0.096671 
935.000000 	 0.099399 
940.000000 	 0.101567 
945.000000 	 0.105051 
950.000000 	 0.110164 
955.000000 	 0.118296 
960.000000 	 0.119957 
965.000000 	 0.118673 
970.000000 	 0.115254 
975.000000 	 0.110675 
980.000000 	 0.103051 
985.000000 	 0.094021 
990.000000 	 0.088850 
995.000000 	 0.085741 
1000.000000 	 0.083616 
1005.000000 	 0.082523 
1010.000000 	 0.082656 
1015.000000 	 0.081866 
1020.000000 	 0.081953 
1025.000000 	 0.081251 
1030.000000 	 0.081214 
1035.000000 	 0.081538 
1040.000000 	 0.082434 
1045.000000 	 0.082799 
1050.000000 	 0.082560 
1055.000000 	 0.082599 
1060.000000 	 0.083367 
1065.000000 	 0.084042 
1070.000000 	 0.084007 
1070.000000 	 -400.000000 
0.000000 	 -400.000000 
0.000000 	 -0.429598 
>  	  91  #ff557f
 0.000000 	 -4.641294 
15.000000 	 -5.171008 
28.000000 	 -4.276637 
43.000000 	 -2.071762 
48.000000 	 -2.109469 
57.000000 	 -2.976734 
70.000000 	 -1.411886 
80.000000 	 -1.936020 
89.000000 	 -2.458768 
95.000000 	 -2.603793 
99.000000 	 -2.634993 
101.000000 	 -2.706430 
101.000000 	 -2.706430 
101.000000 	 -2.706430 
104.000000 	 -2.810236 
108.000000 	 -2.789475 
113.000000 	 -2.643845 
118.000000 	 -2.468704 
128.000000 	 -1.883226 
142.000000 	 -1.738464 
153.000000 	 -1.600422 
173.000000 	 -1.841570 
204.000000 	 -1.923818 
226.000000 	 -1.485163 
238.000000 	 -1.865383 
254.000000 	 -1.807126 
262.000000 	 -1.361792 
277.000000 	 -2.389888 
289.000000 	 -1.430331 
297.000000 	 -1.731906 
304.000000 	 -1.430331 
312.000000 	 -0.895721 
325.000000 	 -1.594827 
339.000000 	 -4.086784 
350.000000 	 -3.925178 
390.000000 	 -2.905831 
412.000000 	 -2.015251 
434.000000 	 -1.086305 
459.000000 	 -0.993713 
474.000000 	 -0.962850 
495.000000 	 -0.654211 
517.000000 	 -0.499892 
541.000000 	 0.055657 
560.000000 	 0.318000 
575.000000 	 0.092479 
582.000000 	 0.001921 
645.000000 	 -0.839397 
671.000000 	 -1.683518 
688.000000 	 -1.968232 
698.000000 	 -1.626575 
705.000000 	 -1.626575 
711.000000 	 -1.854346 
719.000000 	 -2.843425 
726.000000 	 -3.315003 
742.000000 	 -2.371847 
751.000000 	 -2.578162 
755.000000 	 -2.401708 
765.000000 	 -1.959216 
770.000000 	 -2.253952 
779.000000 	 -2.283426 
785.000000 	 -1.929743 
791.000000 	 -1.841322 
797.000000 	 -2.283426 
807.000000 	 -2.461595 
815.000000 	 -2.416680 
819.000000 	 -2.229532 
834.000000 	 -2.536454 
840.000000 	 -2.925721 
850.000000 	 -3.482806 
858.000000 	 -3.038010 
869.000000 	 -3.487164 
874.000000 	 -3.775078 
883.000000 	 -3.909700 
891.000000 	 -3.455351 
907.000000 	 -2.334335 
917.000000 	 -2.281933 
919.000000 	 -1.989983 
927.000000 	 -1.960040 
934.000000 	 -2.214560 
942.000000 	 -1.877695 
967.000000 	 -1.892667 
980.000000 	 -1.668089 
998.000000 	 -2.449427 
1004.000000 	 -2.553043 
1016.000000 	 -1.862723 
1041.000000 	 -2.094786 
1070.000000 	 -2.311877 
1070.000000 	 -2.311877 
1070.000000 	 -400.000000 
0.000000 	 -400.000000 
0.000000 	 -4.641294 
>  	  92  #ffaa7f
 0.000000 	 -4.641294 
15.000000 	 -5.171008 
28.000000 	 -4.276637 
43.000000 	 -2.071762 
48.000000 	 -2.109469 
57.000000 	 -2.976734 
67.000000 	 -4.875845 
74.000000 	 -6.144811 
81.000000 	 -6.978703 
97.000000 	 -8.694828 
100.000000 	 -3.981527 
95.000000 	 -2.603793 
99.000000 	 -2.634993 
101.000000 	 -2.706430 
101.000000 	 -2.706430 
101.000000 	 -2.706430 
104.000000 	 -2.810236 
108.000000 	 -2.789475 
113.000000 	 -2.643845 
118.000000 	 -2.468704 
128.000000 	 -1.883226 
142.000000 	 -1.738464 
153.000000 	 -1.600422 
173.000000 	 -1.841570 
204.000000 	 -1.923818 
226.000000 	 -1.485163 
238.000000 	 -1.865383 
254.000000 	 -1.807126 
262.000000 	 -1.361792 
277.000000 	 -2.389888 
289.000000 	 -1.430331 
297.000000 	 -1.731906 
304.000000 	 -1.430331 
312.000000 	 -0.895721 
325.000000 	 -1.594827 
339.000000 	 -4.086784 
350.000000 	 -3.925178 
390.000000 	 -2.905831 
412.000000 	 -2.015251 
434.000000 	 -1.086305 
459.000000 	 -0.993713 
474.000000 	 -0.962850 
495.000000 	 -0.654211 
517.000000 	 -0.499892 
541.000000 	 0.055657 
560.000000 	 0.318000 
575.000000 	 0.092479 
582.000000 	 0.001921 
645.000000 	 -0.839397 
671.000000 	 -1.683518 
688.000000 	 -1.968232 
698.000000 	 -1.626575 
705.000000 	 -1.626575 
711.000000 	 -1.854346 
719.000000 	 -2.843425 
726.000000 	 -3.315003 
742.000000 	 -2.371847 
751.000000 	 -2.578162 
755.000000 	 -2.401708 
765.000000 	 -1.959216 
770.000000 	 -2.253952 
779.000000 	 -2.283426 
785.000000 	 -1.929743 
791.000000 	 -1.841322 
797.000000 	 -2.283426 
807.000000 	 -2.461595 
815.000000 	 -2.416680 
819.000000 	 -2.229532 
834.000000 	 -2.536454 
840.000000 	 -2.925721 
850.000000 	 -3.482806 
858.000000 	 -3.038010 
869.000000 	 -3.487164 
874.000000 	 -3.775078 
883.000000 	 -3.909700 
891.000000 	 -3.455351 
907.000000 	 -2.334335 
917.000000 	 -2.281933 
919.000000 	 -1.989983 
927.000000 	 -1.960040 
934.000000 	 -2.214560 
942.000000 	 -1.877695 
967.000000 	 -1.892667 
980.000000 	 -1.668089 
998.000000 	 -2.449427 
1004.000000 	 -2.553043 
1016.000000 	 -1.862723 
1041.000000 	 -2.094786 
1070.000000 	 -2.311877 
1070.000000 	 -400.000000 
0.000000 	 -400.000000 
0.000000 	 -4.641294 
>  	  105  #ff557f
 0.000000 	 -4.641294 
15.000000 	 -5.171008 
28.000000 	 -4.276637 
43.000000 	 -2.071762 
48.000000 	 -2.109469 
57.000000 	 -2.976734 
67.000000 	 -4.875845 
74.000000 	 -6.144811 
81.000000 	 -6.978703 
97.000000 	 -8.694828 
100.000000 	 -3.981527 
95.000000 	 -2.603793 
99.000000 	 -2.634993 
101.000000 	 -2.706430 
101.000000 	 -2.706430 
101.000000 	 -2.706430 
104.000000 	 -2.810236 
108.000000 	 -2.789475 
113.000000 	 -2.643845 
118.000000 	 -2.468704 
128.000000 	 -1.883226 
142.000000 	 -1.738464 
153.000000 	 -1.600422 
173.000000 	 -1.841570 
204.000000 	 -1.923818 
226.000000 	 -1.485163 
238.000000 	 -1.865383 
237.000000 	 -5.574404 
236.000000 	 -8.467829 
236.000000 	 -12.079755 
255.000000 	 -12.701161 
260.000000 	 -13.203880 
265.000000 	 -12.172988 
271.000000 	 -11.083736 
278.000000 	 -9.751504 
297.000000 	 -13.620976 
325.000000 	 -11.363784 
336.000000 	 -13.513490 
361.000000 	 -14.089159 
375.000000 	 -14.366183 
401.000000 	 -14.056475 
421.000000 	 -13.488677 
442.000000 	 -12.964912 
466.000000 	 -12.253654 
480.000000 	 -13.668119 
486.000000 	 -15.595366 
494.000000 	 -14.266532 
516.000000 	 -16.091931 
494.000000 	 -14.266532 
516.000000 	 -16.091931 
529.000000 	 -16.691926 
546.000000 	 -17.650024 
566.000000 	 -18.660801 
595.000000 	 -18.457515 
638.000000 	 -18.186467 
747.000000 	 -22.293639 
716.000000 	 -10.598354 
705.000000 	 -8.280210 
696.000000 	 -7.440873 
683.000000 	 -6.741915 
659.000000 	 -5.056725 
645.000000 	 -0.839397 
671.000000 	 -1.683518 
688.000000 	 -1.968232 
698.000000 	 -1.626575 
705.000000 	 -1.626575 
711.000000 	 -1.854346 
719.000000 	 -2.843425 
726.000000 	 -3.315003 
742.000000 	 -2.371847 
751.000000 	 -2.578162 
755.000000 	 -2.401708 
765.000000 	 -1.959216 
770.000000 	 -2.253952 
779.000000 	 -2.283426 
785.000000 	 -1.929743 
791.000000 	 -1.841322 
797.000000 	 -2.283426 
807.000000 	 -2.461595 
815.000000 	 -2.416680 
819.000000 	 -2.229532 
834.000000 	 -2.536454 
840.000000 	 -2.925721 
850.000000 	 -3.482806 
858.000000 	 -3.038010 
869.000000 	 -3.487164 
874.000000 	 -3.775078 
883.000000 	 -3.909700 
891.000000 	 -3.455351 
907.000000 	 -2.334335 
917.000000 	 -2.281933 
919.000000 	 -1.989983 
927.000000 	 -1.960040 
934.000000 	 -2.214560 
942.000000 	 -1.877695 
967.000000 	 -1.892667 
980.000000 	 -1.668089 
998.000000 	 -2.449427 
1004.000000 	 -2.553043 
1016.000000 	 -1.862723 
1041.000000 	 -2.094786 
1070.000000 	 -2.311877 
1070.000000 	 -400.000000 
0.000000 	 -400.000000 
0.000000 	 -4.641294 
>  	  107  #ffaa7f
 0.000000 	 -4.641294 
15.000000 	 -5.171008 
28.000000 	 -4.276637 
43.000000 	 -2.071762 
48.000000 	 -2.109469 
57.000000 	 -2.976734 
67.000000 	 -4.875845 
74.000000 	 -6.144811 
81.000000 	 -6.978703 
97.000000 	 -8.694828 
100.000000 	 -3.981527 
95.000000 	 -2.603793 
99.000000 	 -2.634993 
101.000000 	 -2.706430 
101.000000 	 -2.706430 
101.000000 	 -2.706430 
104.000000 	 -2.810236 
103.000000 	 -4.388086 
102.000000 	 -6.568010 
101.000000 	 -8.457277 
100.000000 	 -10.741007 
101.000000 	 -10.761768 
102.000000 	 -10.741007 
121.000000 	 -10.557520 
136.000000 	 -10.631746 
154.000000 	 -11.069836 
173.000000 	 -11.179426 
197.000000 	 -11.328818 
229.000000 	 -11.982369 
234.000000 	 -11.995697 
235.000000 	 -12.040917 
236.000000 	 -12.079755 
255.000000 	 -12.701161 
260.000000 	 -13.203880 
265.000000 	 -12.172988 
271.000000 	 -11.083736 
278.000000 	 -9.751504 
297.000000 	 -13.620976 
325.000000 	 -11.363784 
336.000000 	 -13.513490 
361.000000 	 -14.089159 
375.000000 	 -14.366183 
401.000000 	 -14.056475 
421.000000 	 -13.488677 
442.000000 	 -12.964912 
466.000000 	 -12.253654 
480.000000 	 -13.668119 
486.000000 	 -15.595366 
494.000000 	 -14.266532 
516.000000 	 -16.091931 
494.000000 	 -14.266532 
516.000000 	 -16.091931 
529.000000 	 -16.691926 
546.000000 	 -17.650024 
566.000000 	 -18.660801 
595.000000 	 -18.457515 
638.000000 	 -18.186467 
747.000000 	 -22.293639 
716.000000 	 -10.598354 
705.000000 	 -8.280210 
696.000000 	 -7.440873 
683.000000 	 -6.741915 
659.000000 	 -5.056725 
645.000000 	 -0.839397 
671.000000 	 -1.683518 
688.000000 	 -1.968232 
698.000000 	 -1.626575 
705.000000 	 -1.626575 
711.000000 	 -1.854346 
719.000000 	 -2.843425 
726.000000 	 -3.315003 
742.000000 	 -2.371847 
751.000000 	 -2.578162 
755.000000 	 -2.401708 
765.000000 	 -1.959216 
770.000000 	 -2.253952 
779.000000 	 -2.283426 
785.000000 	 -1.929743 
791.000000 	 -1.841322 
797.000000 	 -2.283426 
807.000000 	 -2.461595 
815.000000 	 -2.416680 
819.000000 	 -2.229532 
834.000000 	 -2.536454 
840.000000 	 -2.925721 
850.000000 	 -3.482806 
858.000000 	 -3.038010 
869.000000 	 -3.487164 
874.000000 	 -3.775078 
883.000000 	 -3.909700 
891.000000 	 -3.455351 
907.000000 	 -2.334335 
917.000000 	 -2.281933 
919.000000 	 -1.989983 
927.000000 	 -1.960040 
934.000000 	 -2.214560 
942.000000 	 -1.877695 
967.000000 	 -1.892667 
980.000000 	 -1.668089 
998.000000 	 -2.449427 
1004.000000 	 -2.553043 
1016.000000 	 -1.862723 
1041.000000 	 -2.094786 
1070.000000 	 -2.311877 
1070.000000 	 -400.000000 
0.000000 	 -400.000000 
0.000000 	 -4.641294 
>  	  93  #aa55ff
 0.000000 	 -12.321550 
29.000000 	 -12.131861 
62.000000 	 -10.984450 
77.000000 	 -10.892546 
93.000000 	 -10.814306 
100.000000 	 -10.741007 
101.000000 	 -10.761768 
102.000000 	 -10.741007 
121.000000 	 -10.557520 
136.000000 	 -10.631746 
154.000000 	 -11.069836 
173.000000 	 -11.179426 
197.000000 	 -11.328818 
229.000000 	 -11.982369 
234.000000 	 -11.995697 
235.000000 	 -12.040917 
236.000000 	 -12.079755 
255.000000 	 -12.701161 
260.000000 	 -13.203880 
265.000000 	 -12.172988 
271.000000 	 -11.083736 
278.000000 	 -9.751504 
297.000000 	 -13.620976 
325.000000 	 -11.363784 
336.000000 	 -13.513490 
361.000000 	 -14.089159 
375.000000 	 -14.366183 
401.000000 	 -14.056475 
421.000000 	 -13.488677 
442.000000 	 -12.964912 
466.000000 	 -12.253654 
480.000000 	 -13.668119 
486.000000 	 -15.595366 
494.000000 	 -14.266532 
516.000000 	 -16.091931 
494.000000 	 -14.266532 
516.000000 	 -16.091931 
529.000000 	 -16.691926 
546.000000 	 -17.650024 
566.000000 	 -18.660801 
595.000000 	 -18.457515 
638.000000 	 -18.186467 
747.000000 	 -22.293639 
716.000000 	 -10.598354 
705.000000 	 -8.280210 
696.000000 	 -7.440873 
683.000000 	 -6.741915 
659.000000 	 -5.056725 
659.000000 	 -5.056725 
645.000000 	 -0.839397 
671.000000 	 -1.683518 
688.000000 	 -1.968232 
698.000000 	 -1.626575 
705.000000 	 -1.626575 
711.000000 	 -1.854346 
719.000000 	 -2.843425 
726.000000 	 -3.315003 
742.000000 	 -2.371847 
751.000000 	 -2.578162 
755.000000 	 -2.401708 
765.000000 	 -1.959216 
770.000000 	 -2.253952 
779.000000 	 -2.283426 
785.000000 	 -1.929743 
791.000000 	 -1.841322 
797.000000 	 -2.283426 
807.000000 	 -2.461595 
815.000000 	 -2.416680 
819.000000 	 -2.229532 
834.000000 	 -2.536454 
840.000000 	 -2.925721 
850.000000 	 -3.482806 
858.000000 	 -3.038010 
869.000000 	 -3.487164 
874.000000 	 -3.775078 
883.000000 	 -3.909700 
891.000000 	 -3.455351 
907.000000 	 -2.334335 
917.000000 	 -2.281933 
919.000000 	 -1.989983 
927.000000 	 -1.960040 
934.000000 	 -2.214560 
942.000000 	 -1.877695 
967.000000 	 -1.892667 
980.000000 	 -1.668089 
998.000000 	 -2.449427 
1004.000000 	 -2.553043 
1016.000000 	 -1.862723 
1041.000000 	 -2.094786 
1070.000000 	 -2.311877 
1070.000000 	 -400.000000 
0.000000 	 -400.000000 
0.000000 	 -12.321550 
>  	  75  #00aa00
 0.000000 	 -12.321550 
29.000000 	 -12.131861 
62.000000 	 -10.984450 
77.000000 	 -10.892546 
93.000000 	 -10.814306 
100.000000 	 -10.741007 
101.000000 	 -10.761768 
102.000000 	 -10.741007 
121.000000 	 -10.557520 
136.000000 	 -10.631746 
154.000000 	 -11.069836 
173.000000 	 -11.179426 
197.000000 	 -11.328818 
229.000000 	 -11.982369 
234.000000 	 -11.995697 
235.000000 	 -12.040917 
236.000000 	 -12.079755 
255.000000 	 -12.701161 
260.000000 	 -13.203880 
265.000000 	 -12.172988 
271.000000 	 -11.083736 
278.000000 	 -9.751504 
297.000000 	 -13.620976 
325.000000 	 -11.363784 
336.000000 	 -13.513490 
361.000000 	 -14.089159 
375.000000 	 -14.366183 
401.000000 	 -14.056475 
421.000000 	 -13.488677 
442.000000 	 -12.964912 
466.000000 	 -12.253654 
480.000000 	 -13.668119 
486.000000 	 -15.595366 
494.000000 	 -14.266532 
516.000000 	 -16.091931 
494.000000 	 -14.266532 
516.000000 	 -16.091931 
529.000000 	 -16.691926 
546.000000 	 -17.650024 
566.000000 	 -18.660801 
595.000000 	 -18.457515 
638.000000 	 -18.186467 
747.000000 	 -22.293639 
716.000000 	 -10.598354 
705.000000 	 -8.280210 
696.000000 	 -7.440873 
683.000000 	 -6.741915 
659.000000 	 -5.056725 
659.000000 	 -5.056725 
645.000000 	 -0.839397 
671.000000 	 -1.683518 
688.000000 	 -1.968232 
698.000000 	 -1.626575 
705.000000 	 -1.626575 
711.000000 	 -1.854346 
717.000000 	 -3.823596 
721.000000 	 -5.169481 
724.000000 	 -7.290889 
729.000000 	 -10.019773 
734.000000 	 -12.066436 
741.000000 	 -15.562818 
752.000000 	 -22.280676 
766.000000 	 -24.005302 
773.000000 	 -23.711454 
796.000000 	 -22.156184 
810.000000 	 -21.574781 
855.000000 	 -20.898667 
878.000000 	 -19.789214 
902.000000 	 -19.965943 
1000.000000 	 -19.880066 
1070.000000 	 -20.074291 
1070.000000 	 -20.074291 
1070.000000 	 -400.000000 
0.000000 	 -400.000000 
0.000000 	 -12.321550 
>  	  66  #ffaa00
 0.000000 	 -12.321550 
29.000000 	 -12.131861 
62.000000 	 -10.984450 
77.000000 	 -10.892546 
93.000000 	 -10.814306 
100.000000 	 -10.741007 
101.000000 	 -10.761768 
102.000000 	 -10.741007 
121.000000 	 -10.557520 
136.000000 	 -10.631746 
154.000000 	 -11.069836 
173.000000 	 -11.179426 
197.000000 	 -11.328818 
229.000000 	 -11.982369 
234.000000 	 -11.995697 
235.000000 	 -12.040917 
236.000000 	 -12.079755 
255.000000 	 -12.701161 
260.000000 	 -13.203880 
265.000000 	 -12.172988 
271.000000 	 -11.083736 
278.000000 	 -9.751504 
297.000000 	 -13.620976 
325.000000 	 -11.363784 
336.000000 	 -13.513490 
361.000000 	 -14.089159 
375.000000 	 -14.366183 
401.000000 	 -14.056475 
421.000000 	 -13.488677 
442.000000 	 -12.964912 
466.000000 	 -12.253654 
480.000000 	 -13.668119 
486.000000 	 -15.595366 
494.000000 	 -14.266532 
516.000000 	 -16.091931 
494.000000 	 -14.266532 
516.000000 	 -16.091931 
529.000000 	 -16.691926 
546.000000 	 -17.650024 
566.000000 	 -18.660801 
595.000000 	 -18.457515 
638.000000 	 -18.186467 
747.000000 	 -22.293639 
749.000000 	 -22.893620 
750.000000 	 -23.513599 
751.000000 	 -24.233576 
752.000000 	 -24.813557 
753.000000 	 -25.453536 
755.000000 	 -26.053884 
757.000000 	 -26.416787 
755.000000 	 -24.777634 
754.000000 	 -23.445923 
754.000000 	 -23.445923 
752.000000 	 -22.280676 
766.000000 	 -24.005302 
773.000000 	 -23.711454 
796.000000 	 -22.156184 
810.000000 	 -21.574781 
855.000000 	 -20.898667 
878.000000 	 -19.789214 
902.000000 	 -19.965943 
1000.000000 	 -19.880066 
1070.000000 	 -20.074291 
1070.000000 	 -400.000000 
0.000000 	 -400.000000 
0.000000 	 -12.321550 
>  	  71  #ffaa00
 0.000000 	 -12.321550 
29.000000 	 -12.131861 
62.000000 	 -10.984450 
77.000000 	 -10.892546 
93.000000 	 -10.814306 
100.000000 	 -10.741007 
101.000000 	 -10.761768 
102.000000 	 -10.741007 
121.000000 	 -10.557520 
136.000000 	 -10.631746 
154.000000 	 -11.069836 
173.000000 	 -11.179426 
197.000000 	 -11.328818 
229.000000 	 -11.982369 
234.000000 	 -11.995697 
235.000000 	 -12.040917 
236.000000 	 -12.079755 
255.000000 	 -12.701161 
260.000000 	 -13.203880 
265.000000 	 -12.172988 
271.000000 	 -11.083736 
278.000000 	 -9.751504 
297.000000 	 -13.620976 
325.000000 	 -11.363784 
336.000000 	 -13.513490 
361.000000 	 -14.089159 
375.000000 	 -14.366183 
401.000000 	 -14.056475 
421.000000 	 -13.488677 
442.000000 	 -12.964912 
466.000000 	 -12.253654 
480.000000 	 -13.668119 
486.000000 	 -15.595366 
498.000000 	 -17.952652 
509.000000 	 -19.340600 
525.000000 	 -22.078389 
525.000000 	 -23.505961 
530.000000 	 -23.571170 
532.000000 	 -25.052431 
538.000000 	 -28.496335 
540.000000 	 -31.457212 
543.000000 	 -31.457212 
546.000000 	 -31.544580 
551.000000 	 -31.409707 
560.000000 	 -31.470052 
578.000000 	 -29.082444 
598.000000 	 -27.266574 
619.000000 	 -26.250145 
640.000000 	 -25.504763 
656.000000 	 -26.142753 
670.000000 	 -25.776417 
751.000000 	 -24.233576 
752.000000 	 -24.813557 
753.000000 	 -25.453536 
755.000000 	 -26.053884 
757.000000 	 -26.416787 
755.000000 	 -24.777634 
754.000000 	 -23.445923 
752.000000 	 -22.280676 
766.000000 	 -24.005302 
773.000000 	 -23.711454 
796.000000 	 -22.156184 
810.000000 	 -21.574781 
855.000000 	 -20.898667 
878.000000 	 -19.789214 
902.000000 	 -19.965943 
1000.000000 	 -19.880066 
1070.000000 	 -20.074291 
1070.000000 	 -400.000000 
0.000000 	 -400.000000 
0.000000 	 -12.321550 
>  	  79  #ffaa00
 0.000000 	 -12.321550 
29.000000 	 -12.131861 
62.000000 	 -10.984450 
77.000000 	 -10.892546 
93.000000 	 -10.814306 
100.000000 	 -10.741007 
101.000000 	 -10.761768 
102.000000 	 -10.741007 
121.000000 	 -10.557520 
136.000000 	 -10.631746 
154.000000 	 -11.069836 
173.000000 	 -11.179426 
197.000000 	 -11.328818 
229.000000 	 -11.982369 
234.000000 	 -11.995697 
235.000000 	 -12.040917 
236.000000 	 -12.079755 
255.000000 	 -12.701161 
260.000000 	 -13.203880 
265.000000 	 -12.172988 
271.000000 	 -11.083736 
278.000000 	 -9.751504 
297.000000 	 -13.620976 
325.000000 	 -11.363784 
336.000000 	 -13.513490 
323.000000 	 -15.641633 
318.000000 	 -17.751945 
314.000000 	 -19.353749 
308.000000 	 -20.675872 
302.000000 	 -21.565762 
305.000000 	 -22.253187 
308.000000 	 -22.603521 
312.000000 	 -23.304189 
315.000000 	 -24.112652 
364.000000 	 -22.005644 
385.000000 	 -21.489465 
405.000000 	 -21.179757 
428.000000 	 -21.024903 
460.000000 	 -21.658906 
479.000000 	 -22.297531 
494.000000 	 -22.900986 
500.000000 	 -22.357876 
506.000000 	 -22.297531 
516.000000 	 -22.478567 
525.000000 	 -23.505961 
530.000000 	 -23.571170 
532.000000 	 -25.052431 
538.000000 	 -28.496335 
540.000000 	 -31.457212 
543.000000 	 -31.457212 
546.000000 	 -31.544580 
551.000000 	 -31.409707 
560.000000 	 -31.470052 
578.000000 	 -29.082444 
598.000000 	 -27.266574 
619.000000 	 -26.250145 
640.000000 	 -25.504763 
656.000000 	 -26.142753 
670.000000 	 -25.776417 
751.000000 	 -24.233576 
752.000000 	 -24.813557 
753.000000 	 -25.453536 
755.000000 	 -26.053884 
757.000000 	 -26.416787 
755.000000 	 -24.777634 
754.000000 	 -23.445923 
752.000000 	 -22.280676 
766.000000 	 -24.005302 
773.000000 	 -23.711454 
796.000000 	 -22.156184 
810.000000 	 -21.574781 
855.000000 	 -20.898667 
878.000000 	 -19.789214 
902.000000 	 -19.965943 
1000.000000 	 -19.880066 
1070.000000 	 -20.074291 
1070.000000 	 -400.000000 
0.000000 	 -400.000000 
0.000000 	 -12.321550 
>  	  79  #ff557f
 0.000000 	 -12.321550 
29.000000 	 -12.131861 
62.000000 	 -10.984450 
77.000000 	 -10.892546 
93.000000 	 -10.814306 
100.000000 	 -10.741007 
101.000000 	 -10.761768 
102.000000 	 -10.741007 
121.000000 	 -10.557520 
136.000000 	 -10.631746 
154.000000 	 -11.069836 
173.000000 	 -11.179426 
197.000000 	 -11.328818 
229.000000 	 -11.982369 
234.000000 	 -11.995697 
232.000000 	 -14.584800 
228.000000 	 -17.070426 
220.000000 	 -20.941297 
240.000000 	 -22.521242 
251.000000 	 -23.928888 
257.000000 	 -24.007193 
261.000000 	 -24.091996 
266.000000 	 -24.091996 
272.000000 	 -23.711411 
276.000000 	 -23.276457 
277.000000 	 -22.043278 
280.000000 	 -20.084619 
285.000000 	 -20.057079 
289.000000 	 -20.241511 
302.000000 	 -21.565762 
305.000000 	 -22.253187 
308.000000 	 -22.603521 
312.000000 	 -23.304189 
315.000000 	 -24.112652 
364.000000 	 -22.005644 
385.000000 	 -21.489465 
405.000000 	 -21.179757 
428.000000 	 -21.024903 
460.000000 	 -21.658906 
479.000000 	 -22.297531 
494.000000 	 -22.900986 
500.000000 	 -22.357876 
506.000000 	 -22.297531 
516.000000 	 -22.478567 
525.000000 	 -23.505961 
530.000000 	 -23.571170 
532.000000 	 -25.052431 
538.000000 	 -28.496335 
540.000000 	 -31.457212 
543.000000 	 -31.457212 
546.000000 	 -31.544580 
551.000000 	 -31.409707 
560.000000 	 -31.470052 
578.000000 	 -29.082444 
598.000000 	 -27.266574 
619.000000 	 -26.250145 
640.000000 	 -25.504763 
656.000000 	 -26.142753 
670.000000 	 -25.776417 
751.000000 	 -24.233576 
752.000000 	 -24.813557 
753.000000 	 -25.453536 
755.000000 	 -26.053884 
757.000000 	 -26.416787 
755.000000 	 -24.777634 
754.000000 	 -23.445923 
752.000000 	 -22.280676 
766.000000 	 -24.005302 
773.000000 	 -23.711454 
796.000000 	 -22.156184 
810.000000 	 -21.574781 
855.000000 	 -20.898667 
878.000000 	 -19.789214 
902.000000 	 -19.965943 
1000.000000 	 -19.880066 
1070.000000 	 -20.074291 
1070.000000 	 -400.000000 
0.000000 	 -400.000000 
0.000000 	 -12.321550 
>  	  78  #ffaa00
 0.000000 	 -12.321550 
29.000000 	 -12.131861 
62.000000 	 -10.984450 
77.000000 	 -10.892546 
93.000000 	 -10.814306 
100.000000 	 -10.741007 
101.000000 	 -10.761768 
102.000000 	 -10.741007 
101.000000 	 -12.505707 
101.000000 	 -14.311930 
100.000000 	 -17.571435 
101.000000 	 -17.633719 
129.000000 	 -17.388396 
162.000000 	 -18.071484 
190.000000 	 -20.787287 
215.000000 	 -20.778148 
220.000000 	 -20.941297 
240.000000 	 -22.521242 
251.000000 	 -23.928888 
257.000000 	 -24.007193 
261.000000 	 -24.091996 
266.000000 	 -24.091996 
272.000000 	 -23.711411 
276.000000 	 -23.276457 
277.000000 	 -22.043278 
280.000000 	 -20.084619 
285.000000 	 -20.057079 
289.000000 	 -20.241511 
302.000000 	 -21.565762 
305.000000 	 -22.253187 
308.000000 	 -22.603521 
312.000000 	 -23.304189 
315.000000 	 -24.112652 
364.000000 	 -22.005644 
385.000000 	 -21.489465 
405.000000 	 -21.179757 
428.000000 	 -21.024903 
460.000000 	 -21.658906 
479.000000 	 -22.297531 
494.000000 	 -22.900986 
500.000000 	 -22.357876 
506.000000 	 -22.297531 
516.000000 	 -22.478567 
525.000000 	 -23.505961 
530.000000 	 -23.571170 
532.000000 	 -25.052431 
538.000000 	 -28.496335 
540.000000 	 -31.457212 
543.000000 	 -31.457212 
546.000000 	 -31.544580 
551.000000 	 -31.409707 
560.000000 	 -31.470052 
578.000000 	 -29.082444 
598.000000 	 -27.266574 
619.000000 	 -26.250145 
640.000000 	 -25.504763 
656.000000 	 -26.142753 
670.000000 	 -25.776417 
751.000000 	 -24.233576 
752.000000 	 -24.813557 
753.000000 	 -25.453536 
755.000000 	 -26.053884 
757.000000 	 -26.416787 
755.000000 	 -24.777634 
754.000000 	 -23.445923 
752.000000 	 -22.280676 
766.000000 	 -24.005302 
773.000000 	 -23.711454 
796.000000 	 -22.156184 
810.000000 	 -21.574781 
855.000000 	 -20.898667 
878.000000 	 -19.789214 
902.000000 	 -19.965943 
1000.000000 	 -19.880066 
1070.000000 	 -20.074291 
1070.000000 	 -400.000000 
0.000000 	 -400.000000 
0.000000 	 -12.321550 
>  	  74  #ff557f
 0.000000 	 -17.822547 
34.000000 	 -18.454845 
84.000000 	 -17.388396 
89.000000 	 -17.343062 
100.000000 	 -17.571435 
101.000000 	 -17.633719 
129.000000 	 -17.388396 
162.000000 	 -18.071484 
190.000000 	 -20.787287 
215.000000 	 -20.778148 
220.000000 	 -20.941297 
240.000000 	 -22.521242 
251.000000 	 -23.928888 
257.000000 	 -24.007193 
261.000000 	 -24.091996 
266.000000 	 -24.091996 
272.000000 	 -23.711411 
276.000000 	 -23.276457 
277.000000 	 -22.043278 
280.000000 	 -20.084619 
285.000000 	 -20.057079 
289.000000 	 -20.241511 
302.000000 	 -21.565762 
305.000000 	 -22.253187 
308.000000 	 -22.603521 
312.000000 	 -23.304189 
315.000000 	 -24.112652 
364.000000 	 -22.005644 
385.000000 	 -21.489465 
405.000000 	 -21.179757 
428.000000 	 -21.024903 
460.000000 	 -21.658906 
479.000000 	 -22.297531 
494.000000 	 -22.900986 
500.000000 	 -22.357876 
506.000000 	 -22.297531 
516.000000 	 -22.478567 
525.000000 	 -23.505961 
530.000000 	 -23.571170 
532.000000 	 -25.052431 
538.000000 	 -28.496335 
540.000000 	 -31.457212 
543.000000 	 -31.457212 
546.000000 	 -31.544580 
551.000000 	 -31.409707 
560.000000 	 -31.470052 
578.000000 	 -29.082444 
598.000000 	 -27.266574 
619.000000 	 -26.250145 
640.000000 	 -25.504763 
656.000000 	 -26.142753 
670.000000 	 -25.776417 
670.000000 	 -25.776417 
751.000000 	 -24.233576 
752.000000 	 -24.813557 
753.000000 	 -25.453536 
755.000000 	 -26.053884 
757.000000 	 -26.416787 
755.000000 	 -24.777634 
754.000000 	 -23.445923 
754.000000 	 -23.445923 
752.000000 	 -22.280676 
766.000000 	 -24.005302 
773.000000 	 -23.711454 
796.000000 	 -22.156184 
810.000000 	 -21.574781 
855.000000 	 -20.898667 
878.000000 	 -19.789214 
902.000000 	 -19.965943 
1000.000000 	 -19.880066 
1070.000000 	 -20.074291 
1070.000000 	 -400.000000 
0.000000 	 -400.000000 
0.000000 	 -17.822547 
>  	  73  #aa5500
 0.000000 	 -17.822547 
34.000000 	 -18.454845 
84.000000 	 -17.388396 
89.000000 	 -17.343062 
100.000000 	 -17.571435 
101.000000 	 -17.633719 
101.000000 	 -18.817106 
100.000000 	 -20.847634 
100.000000 	 -22.880329 
142.000000 	 -23.502060 
184.000000 	 -24.662908 
235.000000 	 -25.602432 
245.000000 	 -25.076667 
251.000000 	 -23.928888 
257.000000 	 -24.007193 
261.000000 	 -24.091996 
266.000000 	 -24.091996 
272.000000 	 -23.711411 
276.000000 	 -23.276457 
277.000000 	 -22.043278 
280.000000 	 -20.084619 
285.000000 	 -20.057079 
289.000000 	 -20.241511 
302.000000 	 -21.565762 
305.000000 	 -22.253187 
308.000000 	 -22.603521 
312.000000 	 -23.304189 
315.000000 	 -24.112652 
364.000000 	 -22.005644 
385.000000 	 -21.489465 
405.000000 	 -21.179757 
428.000000 	 -21.024903 
460.000000 	 -21.658906 
479.000000 	 -22.297531 
494.000000 	 -22.900986 
500.000000 	 -22.357876 
506.000000 	 -22.297531 
516.000000 	 -22.478567 
525.000000 	 -23.505961 
530.000000 	 -23.571170 
532.000000 	 -25.052431 
538.000000 	 -28.496335 
540.000000 	 -31.457212 
543.000000 	 -31.457212 
546.000000 	 -31.544580 
551.000000 	 -31.409707 
560.000000 	 -31.470052 
578.000000 	 -29.082444 
598.000000 	 -27.266574 
619.000000 	 -26.250145 
640.000000 	 -25.504763 
656.000000 	 -26.142753 
670.000000 	 -25.776417 
751.000000 	 -24.233576 
752.000000 	 -24.813557 
753.000000 	 -25.453536 
755.000000 	 -26.053884 
757.000000 	 -26.416787 
755.000000 	 -24.777634 
754.000000 	 -23.445923 
752.000000 	 -22.280676 
766.000000 	 -24.005302 
773.000000 	 -23.711454 
796.000000 	 -22.156184 
810.000000 	 -21.574781 
855.000000 	 -20.898667 
878.000000 	 -19.789214 
902.000000 	 -19.965943 
1000.000000 	 -19.880066 
1070.000000 	 -20.074291 
1070.000000 	 -400.000000 
0.000000 	 -400.000000 
0.000000 	 -17.822547 
>  	  71  #aa5500
 0.000000 	 -23.133854 
33.000000 	 -23.766152 
82.000000 	 -22.849083 
100.000000 	 -22.880329 
142.000000 	 -23.502060 
184.000000 	 -24.662908 
235.000000 	 -25.602432 
245.000000 	 -25.076667 
245.000000 	 -25.076667 
251.000000 	 -23.928888 
257.000000 	 -24.007193 
261.000000 	 -24.091996 
266.000000 	 -24.091996 
272.000000 	 -23.711411 
276.000000 	 -23.276457 
277.000000 	 -22.043278 
280.000000 	 -20.084619 
285.000000 	 -20.057079 
289.000000 	 -20.241511 
302.000000 	 -21.565762 
305.000000 	 -22.253187 
308.000000 	 -22.603521 
312.000000 	 -23.304189 
315.000000 	 -24.112652 
364.000000 	 -22.005644 
385.000000 	 -21.489465 
405.000000 	 -21.179757 
428.000000 	 -21.024903 
460.000000 	 -21.658906 
479.000000 	 -22.297531 
494.000000 	 -22.900986 
500.000000 	 -22.357876 
506.000000 	 -22.297531 
516.000000 	 -22.478567 
525.000000 	 -23.505961 
530.000000 	 -23.571170 
532.000000 	 -25.052431 
538.000000 	 -28.496335 
540.000000 	 -31.457212 
543.000000 	 -31.457212 
546.000000 	 -31.544580 
551.000000 	 -31.409707 
560.000000 	 -31.470052 
578.000000 	 -29.082444 
598.000000 	 -27.266574 
619.000000 	 -26.250145 
640.000000 	 -25.504763 
656.000000 	 -26.142753 
670.000000 	 -25.776417 
670.000000 	 -25.776417 
751.000000 	 -24.233576 
752.000000 	 -24.813557 
753.000000 	 -25.453536 
755.000000 	 -26.053884 
757.000000 	 -26.416787 
755.000000 	 -24.777634 
754.000000 	 -23.445923 
754.000000 	 -23.445923 
752.000000 	 -22.280676 
766.000000 	 -24.005302 
773.000000 	 -23.711454 
796.000000 	 -22.156184 
810.000000 	 -21.574781 
855.000000 	 -20.898667 
878.000000 	 -19.789214 
902.000000 	 -19.965943 
1000.000000 	 -19.880066 
1070.000000 	 -20.074291 
1070.000000 	 -400.000000 
0.000000 	 -400.000000 
0.000000 	 -23.133854 
>  	  73  #55007f
 0.000000 	 -23.133854 
33.000000 	 -23.766152 
82.000000 	 -22.849083 
100.000000 	 -22.880329 
142.000000 	 -23.502060 
184.000000 	 -24.662908 
235.000000 	 -25.602432 
245.000000 	 -25.076667 
245.000000 	 -25.076667 
251.000000 	 -23.928888 
257.000000 	 -24.007193 
261.000000 	 -24.091996 
266.000000 	 -24.091996 
272.000000 	 -23.711411 
276.000000 	 -23.276457 
274.000000 	 -25.015104 
273.000000 	 -26.352964 
271.000000 	 -28.219090 
269.000000 	 -31.519986 
267.000000 	 -37.224081 
280.000000 	 -30.538639 
291.000000 	 -27.596340 
298.000000 	 -27.066644 
310.000000 	 -24.981134 
310.000000 	 -24.981134 
315.000000 	 -24.112652 
364.000000 	 -22.005644 
385.000000 	 -21.489465 
405.000000 	 -21.179757 
428.000000 	 -21.024903 
460.000000 	 -21.658906 
479.000000 	 -22.297531 
494.000000 	 -22.900986 
500.000000 	 -22.357876 
506.000000 	 -22.297531 
516.000000 	 -22.478567 
525.000000 	 -23.505961 
530.000000 	 -23.571170 
532.000000 	 -25.052431 
538.000000 	 -28.496335 
540.000000 	 -31.457212 
543.000000 	 -31.457212 
546.000000 	 -31.544580 
551.000000 	 -31.409707 
560.000000 	 -31.470052 
578.000000 	 -29.082444 
598.000000 	 -27.266574 
619.000000 	 -26.250145 
640.000000 	 -25.504763 
656.000000 	 -26.142753 
670.000000 	 -25.776417 
670.000000 	 -25.776417 
751.000000 	 -24.233576 
752.000000 	 -24.813557 
753.000000 	 -25.453536 
755.000000 	 -26.053884 
757.000000 	 -26.416787 
755.000000 	 -24.777634 
754.000000 	 -23.445923 
754.000000 	 -23.445923 
752.000000 	 -22.280676 
766.000000 	 -24.005302 
773.000000 	 -23.711454 
796.000000 	 -22.156184 
810.000000 	 -21.574781 
855.000000 	 -20.898667 
878.000000 	 -19.789214 
902.000000 	 -19.965943 
1000.000000 	 -19.880066 
1070.000000 	 -20.074291 
1070.000000 	 -400.000000 
0.000000 	 -400.000000 
0.000000 	 -23.133854 
>  	  71  #aa5500
 0.000000 	 -23.133854 
33.000000 	 -23.766152 
82.000000 	 -22.849083 
100.000000 	 -22.880329 
142.000000 	 -23.502060 
184.000000 	 -24.662908 
235.000000 	 -25.602432 
245.000000 	 -25.076667 
245.000000 	 -25.076667 
251.000000 	 -23.928888 
257.000000 	 -24.007193 
261.000000 	 -24.091996 
266.000000 	 -24.091996 
272.000000 	 -23.711411 
276.000000 	 -23.276457 
274.000000 	 -25.015104 
273.000000 	 -26.352964 
271.000000 	 -28.219090 
269.000000 	 -31.519986 
267.000000 	 -37.224081 
280.000000 	 -30.538639 
291.000000 	 -27.596340 
298.000000 	 -27.066644 
310.000000 	 -24.981134 
310.000000 	 -24.981134 
315.000000 	 -24.112652 
364.000000 	 -22.005644 
385.000000 	 -21.489465 
405.000000 	 -21.179757 
428.000000 	 -21.024903 
460.000000 	 -21.658906 
479.000000 	 -22.297531 
494.000000 	 -22.900986 
500.000000 	 -22.357876 
506.000000 	 -22.297531 
516.000000 	 -22.478567 
525.000000 	 -23.505961 
530.000000 	 -23.571170 
532.000000 	 -25.052431 
538.000000 	 -28.496335 
540.000000 	 -31.457212 
543.000000 	 -31.457212 
546.000000 	 -31.544580 
551.000000 	 -31.409707 
560.000000 	 -31.470052 
578.000000 	 -29.082444 
598.000000 	 -27.266574 
619.000000 	 -26.250145 
640.000000 	 -25.504763 
656.000000 	 -26.142753 
670.000000 	 -25.776417 
670.000000 	 -25.776417 
751.000000 	 -24.233576 
752.000000 	 -24.813557 
753.000000 	 -25.453536 
755.000000 	 -26.053884 
757.000000 	 -26.416787 
758.000000 	 -26.692458 
759.000000 	 -27.308983 
784.000000 	 -27.380669 
811.000000 	 -25.412631 
840.000000 	 -25.040422 
855.000000 	 -24.875330 
879.000000 	 -24.353677 
902.000000 	 -24.875330 
969.000000 	 -24.710444 
1070.000000 	 -24.110063 
1070.000000 	 -24.110063 
1070.000000 	 -400.000000 
0.000000 	 -400.000000 
0.000000 	 -23.133854 
>  	  72  #aa5500
 0.000000 	 -23.133854 
33.000000 	 -23.766152 
82.000000 	 -22.849083 
100.000000 	 -22.880329 
142.000000 	 -23.502060 
184.000000 	 -24.662908 
235.000000 	 -25.602432 
245.000000 	 -25.076667 
245.000000 	 -25.076667 
251.000000 	 -23.928888 
257.000000 	 -24.007193 
261.000000 	 -24.091996 
266.000000 	 -24.091996 
272.000000 	 -23.711411 
276.000000 	 -23.276457 
274.000000 	 -25.015104 
273.000000 	 -26.352964 
271.000000 	 -28.219090 
269.000000 	 -31.519986 
267.000000 	 -37.224081 
280.000000 	 -30.538639 
291.000000 	 -27.596340 
298.000000 	 -27.066644 
310.000000 	 -24.981134 
310.000000 	 -24.981134 
315.000000 	 -24.112652 
364.000000 	 -22.005644 
385.000000 	 -21.489465 
405.000000 	 -21.179757 
428.000000 	 -21.024903 
460.000000 	 -21.658906 
479.000000 	 -22.297531 
494.000000 	 -22.900986 
501.000000 	 -23.504441 
507.000000 	 -24.168242 
515.000000 	 -25.797572 
520.000000 	 -27.245865 
524.000000 	 -29.297613 
532.000000 	 -34.487329 
542.000000 	 -37.745988 
542.000000 	 -35.332166 
541.000000 	 -33.280418 
540.000000 	 -31.457212 
543.000000 	 -31.457212 
546.000000 	 -31.544580 
551.000000 	 -31.409707 
560.000000 	 -31.470052 
578.000000 	 -29.082444 
598.000000 	 -27.266574 
619.000000 	 -26.250145 
640.000000 	 -25.504763 
656.000000 	 -26.142753 
670.000000 	 -25.776417 
670.000000 	 -25.776417 
751.000000 	 -24.233576 
752.000000 	 -24.813557 
753.000000 	 -25.453536 
755.000000 	 -26.053884 
757.000000 	 -26.416787 
758.000000 	 -26.692458 
759.000000 	 -27.308983 
784.000000 	 -27.380669 
811.000000 	 -25.412631 
840.000000 	 -25.040422 
855.000000 	 -24.875330 
879.000000 	 -24.353677 
902.000000 	 -24.875330 
969.000000 	 -24.710444 
1070.000000 	 -24.110063 
1070.000000 	 -400.000000 
0.000000 	 -400.000000 
0.000000 	 -23.133854 
>  	  70  #aa5500
 0.000000 	 -23.133854 
33.000000 	 -23.766152 
82.000000 	 -22.849083 
100.000000 	 -22.880329 
142.000000 	 -23.502060 
184.000000 	 -24.662908 
235.000000 	 -25.602432 
245.000000 	 -25.076667 
245.000000 	 -25.076667 
251.000000 	 -23.928888 
257.000000 	 -24.007193 
261.000000 	 -24.091996 
266.000000 	 -24.091996 
272.000000 	 -23.711411 
276.000000 	 -23.276457 
274.000000 	 -25.015104 
273.000000 	 -26.352964 
271.000000 	 -28.219090 
269.000000 	 -31.519986 
267.000000 	 -37.224081 
280.000000 	 -30.538639 
291.000000 	 -27.596340 
298.000000 	 -27.066644 
310.000000 	 -24.981134 
310.000000 	 -24.981134 
315.000000 	 -24.112652 
364.000000 	 -22.005644 
385.000000 	 -21.489465 
405.000000 	 -21.179757 
428.000000 	 -21.024903 
460.000000 	 -21.658906 
479.000000 	 -22.297531 
494.000000 	 -22.900986 
501.000000 	 -23.504441 
507.000000 	 -24.168242 
515.000000 	 -25.797572 
520.000000 	 -27.245865 
524.000000 	 -29.297613 
532.000000 	 -34.487329 
542.000000 	 -37.745988 
542.000000 	 -35.332166 
541.000000 	 -33.280418 
540.000000 	 -31.457212 
543.000000 	 -31.457212 
546.000000 	 -31.544580 
551.000000 	 -31.409707 
560.000000 	 -31.470052 
567.000000 	 -32.958582 
575.000000 	 -33.839488 
594.000000 	 -33.839488 
620.000000 	 -33.094106 
647.000000 	 -32.213200 
701.000000 	 -28.089295 
732.000000 	 -26.984809 
753.000000 	 -25.453536 
755.000000 	 -26.053884 
757.000000 	 -26.416787 
758.000000 	 -26.692458 
759.000000 	 -27.308983 
784.000000 	 -27.380669 
811.000000 	 -25.412631 
840.000000 	 -25.040422 
855.000000 	 -24.875330 
879.000000 	 -24.353677 
902.000000 	 -24.875330 
969.000000 	 -24.710444 
1070.000000 	 -24.110063 
1070.000000 	 -400.000000 
0.000000 	 -400.000000 
0.000000 	 -23.133854 
>  	  65  #ff00ff
 0.000000 	 -23.133854 
33.000000 	 -23.766152 
82.000000 	 -22.849083 
100.000000 	 -22.880329 
142.000000 	 -23.502060 
184.000000 	 -24.662908 
235.000000 	 -25.602432 
245.000000 	 -25.076667 
245.000000 	 -25.076667 
251.000000 	 -23.928888 
257.000000 	 -24.007193 
261.000000 	 -24.091996 
266.000000 	 -24.091996 
272.000000 	 -23.711411 
276.000000 	 -23.276457 
274.000000 	 -25.015104 
273.000000 	 -26.352964 
271.000000 	 -28.219090 
269.000000 	 -31.519986 
267.000000 	 -37.224081 
260.000000 	 -43.058252 
257.000000 	 -47.043117 
255.000000 	 -52.486818 
282.000000 	 -41.511886 
296.000000 	 -38.270466 
317.000000 	 -35.266949 
338.000000 	 -32.959908 
392.000000 	 -31.193645 
427.000000 	 -30.780701 
477.000000 	 -32.794918 
516.000000 	 -36.707353 
561.000000 	 -45.244136 
555.000000 	 -41.925171 
555.000000 	 -41.925171 
542.000000 	 -37.745988 
542.000000 	 -35.332166 
541.000000 	 -33.280418 
540.000000 	 -31.457212 
543.000000 	 -31.457212 
546.000000 	 -31.544580 
551.000000 	 -31.409707 
560.000000 	 -31.470052 
567.000000 	 -32.958582 
575.000000 	 -33.839488 
594.000000 	 -33.839488 
620.000000 	 -33.094106 
647.000000 	 -32.213200 
701.000000 	 -28.089295 
732.000000 	 -26.984809 
753.000000 	 -25.453536 
755.000000 	 -26.053884 
757.000000 	 -26.416787 
758.000000 	 -26.692458 
759.000000 	 -27.308983 
784.000000 	 -27.380669 
811.000000 	 -25.412631 
840.000000 	 -25.040422 
855.000000 	 -24.875330 
879.000000 	 -24.353677 
902.000000 	 -24.875330 
969.000000 	 -24.710444 
1070.000000 	 -24.110063 
1070.000000 	 -400.000000 
0.000000 	 -400.000000 
0.000000 	 -23.133854 
>  	  62  #ff55ff
 0.000000 	 -23.133854 
33.000000 	 -23.766152 
82.000000 	 -22.849083 
100.000000 	 -22.880329 
142.000000 	 -23.502060 
184.000000 	 -24.662908 
235.000000 	 -25.602432 
245.000000 	 -25.076667 
251.000000 	 -23.928888 
257.000000 	 -24.007193 
261.000000 	 -24.091996 
266.000000 	 -24.091996 
272.000000 	 -23.711411 
276.000000 	 -23.276457 
274.000000 	 -25.015104 
273.000000 	 -26.352964 
271.000000 	 -28.219090 
269.000000 	 -31.519986 
267.000000 	 -37.224081 
260.000000 	 -43.058252 
257.000000 	 -47.043117 
255.000000 	 -52.486818 
282.000000 	 -41.511886 
296.000000 	 -38.270466 
317.000000 	 -35.266949 
338.000000 	 -32.959908 
392.000000 	 -31.193645 
427.000000 	 -30.780701 
477.000000 	 -32.794918 
516.000000 	 -36.707353 
561.000000 	 -45.244136 
555.000000 	 -41.925171 
542.000000 	 -37.745988 
542.000000 	 -35.332166 
541.000000 	 -33.280418 
540.000000 	 -31.457212 
543.000000 	 -31.457212 
546.000000 	 -31.544580 
551.000000 	 -31.409707 
560.000000 	 -31.470052 
567.000000 	 -32.958582 
575.000000 	 -33.839488 
594.000000 	 -33.839488 
620.000000 	 -33.094106 
647.000000 	 -32.213200 
701.000000 	 -28.089295 
732.000000 	 -26.984809 
753.000000 	 -25.453536 
755.000000 	 -26.053884 
757.000000 	 -26.416787 
758.000000 	 -26.692458 
759.000000 	 -27.308983 
764.000000 	 -37.308610 
776.000000 	 -56.581351 
785.000000 	 -74.166554 
800.000000 	 -89.624659 
847.000000 	 -85.710301 
936.000000 	 -85.847092 
1070.000000 	 -85.764747 
1070.000000 	 -400.000000 
0.000000 	 -400.000000 
0.000000 	 -23.133854 
>  	  53  #ff007f
 0.000000 	 -23.133854 
33.000000 	 -23.766152 
82.000000 	 -22.849083 
100.000000 	 -22.880329 
142.000000 	 -23.502060 
184.000000 	 -24.662908 
235.000000 	 -25.602432 
245.000000 	 -25.076667 
251.000000 	 -23.928888 
257.000000 	 -24.007193 
261.000000 	 -24.091996 
266.000000 	 -24.091996 
272.000000 	 -23.711411 
276.000000 	 -23.276457 
274.000000 	 -25.015104 
273.000000 	 -26.352964 
271.000000 	 -28.219090 
269.000000 	 -31.519986 
267.000000 	 -37.224081 
260.000000 	 -43.058252 
257.000000 	 -47.043117 
255.000000 	 -52.486818 
282.000000 	 -41.511886 
296.000000 	 -38.270466 
317.000000 	 -35.266949 
338.000000 	 -32.959908 
392.000000 	 -31.193645 
427.000000 	 -30.780701 
477.000000 	 -32.794918 
516.000000 	 -36.707353 
561.000000 	 -45.244136 
555.000000 	 -41.925171 
542.000000 	 -37.745988 
542.000000 	 -35.332166 
541.000000 	 -33.280418 
540.000000 	 -31.457212 
543.000000 	 -31.457212 
546.000000 	 -31.544580 
551.000000 	 -31.409707 
580.000000 	 -45.699595 
635.000000 	 -78.787329 
657.000000 	 -96.358687 
681.000000 	 -123.485440 
701.000000 	 -111.841766 
718.000000 	 -106.343364 
755.000000 	 -100.198091 
800.000000 	 -89.624659 
847.000000 	 -85.710301 
936.000000 	 -85.847092 
1070.000000 	 -85.764747 
1070.000000 	 -400.000000 
0.000000 	 -400.000000 
0.000000 	 -23.133854 
>  	  45  #ff55ff
 0.000000 	 -23.133854 
33.000000 	 -23.766152 
82.000000 	 -22.849083 
100.000000 	 -22.880329 
142.000000 	 -23.502060 
184.000000 	 -24.662908 
235.000000 	 -25.602432 
245.000000 	 -25.076667 
251.000000 	 -23.928888 
257.000000 	 -24.007193 
261.000000 	 -24.091996 
266.000000 	 -24.091996 
272.000000 	 -23.711411 
276.000000 	 -23.276457 
274.000000 	 -25.015104 
273.000000 	 -26.352964 
271.000000 	 -28.219090 
269.000000 	 -31.519986 
267.000000 	 -37.224081 
260.000000 	 -43.058252 
257.000000 	 -47.043117 
255.000000 	 -52.486818 
250.000000 	 -57.813003 
241.000000 	 -68.271874 
231.000000 	 -78.476409 
244.000000 	 -106.903420 
266.000000 	 -117.856947 
295.000000 	 -128.549676 
336.000000 	 -144.197571 
400.000000 	 -112.771381 
461.000000 	 -123.485338 
519.000000 	 -138.363469 
572.000000 	 -157.284440 
598.000000 	 -149.360272 
681.000000 	 -123.485440 
701.000000 	 -111.841766 
718.000000 	 -106.343364 
755.000000 	 -100.198091 
800.000000 	 -89.624659 
847.000000 	 -85.710301 
936.000000 	 -85.847092 
1070.000000 	 -85.764747 
1070.000000 	 -400.000000 
0.000000 	 -400.000000 
0.000000 	 -23.133854 
>  	  32  #ff007f
 0.000000 	 -23.133854 
33.000000 	 -23.766152 
82.000000 	 -22.849083 
100.000000 	 -22.880329 
142.000000 	 -23.502060 
184.000000 	 -24.662908 
171.000000 	 -34.166761 
145.000000 	 -53.806258 
115.000000 	 -77.346451 
152.000000 	 -76.911278 
209.000000 	 -73.390843 
231.000000 	 -78.476409 
244.000000 	 -106.903420 
266.000000 	 -117.856947 
295.000000 	 -128.549676 
336.000000 	 -144.197571 
400.000000 	 -112.771381 
461.000000 	 -123.485338 
519.000000 	 -138.363469 
572.000000 	 -157.284440 
598.000000 	 -149.360272 
681.000000 	 -123.485440 
701.000000 	 -111.841766 
718.000000 	 -106.343364 
755.000000 	 -100.198091 
800.000000 	 -89.624659 
847.000000 	 -85.710301 
936.000000 	 -85.847092 
1070.000000 	 -85.764747 
1070.000000 	 -400.000000 
0.000000 	 -400.000000 
0.000000 	 -23.133854 
>  	  28  #ff0000
 0.000000 	 -124.288389 
30.000000 	 -92.353040 
65.000000 	 -81.342024 
115.000000 	 -77.346451 
152.000000 	 -76.911278 
209.000000 	 -73.390843 
231.000000 	 -78.476409 
244.000000 	 -106.903420 
266.000000 	 -117.856947 
295.000000 	 -128.549676 
336.000000 	 -144.197571 
400.000000 	 -112.771381 
461.000000 	 -123.485338 
519.000000 	 -138.363469 
572.000000 	 -157.284440 
598.000000 	 -149.360272 
681.000000 	 -123.485440 
701.000000 	 -111.841766 
718.000000 	 -106.343364 
755.000000 	 -100.198091 
800.000000 	 -89.624659 
847.000000 	 -85.710301 
936.000000 	 -85.847092 
1070.000000 	 -85.764747 
1070.000000 	 -85.764747 
1070.000000 	 -400.000000 
0.000000 	 -400.000000 
0.000000 	 -124.288389 
