>  	  23
 >  	  255  #ffff7f
 0.000000 	 -1.602946 
5.000000 	 -1.643858 
10.000000 	 -1.691802 
15.000000 	 -1.641197 
20.000000 	 -1.923734 
25.000000 	 -2.028675 
30.000000 	 -2.046362 
35.000000 	 -2.223376 
40.000000 	 -2.376077 
45.000000 	 -2.402069 
50.000000 	 -2.471723 
55.000000 	 -2.342830 
60.000000 	 -2.435543 
65.000000 	 -2.487212 
70.000000 	 -2.682477 
75.000000 	 -2.738521 
80.000000 	 -2.750929 
85.000000 	 -2.779743 
90.000000 	 -2.807126 
95.000000 	 -2.847114 
100.000000 	 -2.871423 
105.000000 	 -2.899161 
110.000000 	 -2.919194 
115.000000 	 -2.928532 
120.000000 	 -2.931821 
125.000000 	 -3.004615 
130.000000 	 -3.067495 
135.000000 	 -3.145017 
140.000000 	 -3.177283 
145.000000 	 -3.173681 
150.000000 	 -3.042495 
155.000000 	 -3.038004 
160.000000 	 -3.392219 
165.000000 	 -3.471088 
170.000000 	 -3.456155 
175.000000 	 -3.459503 
180.000000 	 -3.487535 
185.000000 	 -3.498267 
190.000000 	 -3.508386 
195.000000 	 -3.470581 
200.000000 	 -3.524244 
205.000000 	 -3.511950 
210.000000 	 -3.381387 
215.000000 	 -3.366461 
220.000000 	 -3.175698 
225.000000 	 -2.796169 
230.000000 	 -3.314524 
235.000000 	 -3.573861 
240.000000 	 -3.603103 
245.000000 	 -3.562574 
250.000000 	 -3.590658 
255.000000 	 -3.597346 
260.000000 	 -3.205751 
265.000000 	 -3.207130 
270.000000 	 -3.116107 
275.000000 	 -3.109210 
280.000000 	 -3.052884 
285.000000 	 -3.013850 
290.000000 	 -2.827042 
295.000000 	 -2.663013 
300.000000 	 -2.544335 
305.000000 	 -2.513180 
310.000000 	 -2.428682 
315.000000 	 -2.410126 
320.000000 	 -2.307172 
325.000000 	 -2.131761 
330.000000 	 -2.142529 
335.000000 	 -1.990209 
340.000000 	 -2.137429 
345.000000 	 -1.999595 
350.000000 	 -2.029531 
355.000000 	 -1.714971 
360.000000 	 -1.846583 
365.000000 	 -1.481327 
370.000000 	 -1.264051 
375.000000 	 -1.214648 
380.000000 	 -1.182813 
385.000000 	 -0.992927 
390.000000 	 -0.888568 
395.000000 	 -0.742544 
400.000000 	 -0.684451 
405.000000 	 -0.574111 
410.000000 	 -0.399160 
415.000000 	 -0.241720 
420.000000 	 -0.170535 
425.000000 	 -0.120818 
430.000000 	 -0.088293 
435.000000 	 -0.014440 
440.000000 	 0.050461 
445.000000 	 0.121528 
450.000000 	 0.235491 
455.000000 	 0.282700 
460.000000 	 0.188958 
465.000000 	 0.288804 
470.000000 	 0.649254 
475.000000 	 0.690227 
480.000000 	 0.568139 
485.000000 	 0.655943 
490.000000 	 0.751407 
495.000000 	 0.765482 
500.000000 	 0.643509 
505.000000 	 0.761745 
510.000000 	 0.759078 
515.000000 	 0.700113 
520.000000 	 0.636257 
525.000000 	 0.638958 
530.000000 	 0.541157 
535.000000 	 0.384814 
540.000000 	 0.303195 
545.000000 	 0.304649 
550.000000 	 0.255885 
555.000000 	 0.204043 
560.000000 	 0.197820 
565.000000 	 0.186645 
570.000000 	 0.143864 
575.000000 	 0.102985 
580.000000 	 0.062251 
585.000000 	 0.024883 
590.000000 	 0.010901 
595.000000 	 0.015837 
600.000000 	 0.005621 
605.000000 	 -0.009905 
610.000000 	 -0.019940 
615.000000 	 -0.032021 
620.000000 	 -0.042550 
625.000000 	 -0.053556 
630.000000 	 -0.066782 
635.000000 	 -0.078526 
640.000000 	 -0.089606 
645.000000 	 -0.099655 
650.000000 	 -0.106339 
655.000000 	 -0.112227 
660.000000 	 -0.126904 
665.000000 	 -0.157697 
670.000000 	 -0.259401 
675.000000 	 -0.397846 
680.000000 	 -0.546732 
685.000000 	 -0.654791 
690.000000 	 -0.743913 
695.000000 	 -0.832879 
700.000000 	 -0.898458 
705.000000 	 -0.932427 
710.000000 	 -0.980874 
715.000000 	 -1.031625 
720.000000 	 -1.063827 
725.000000 	 -1.116945 
730.000000 	 -1.153771 
735.000000 	 -1.179411 
740.000000 	 -1.201954 
745.000000 	 -1.212413 
750.000000 	 -1.213819 
755.000000 	 -1.207484 
760.000000 	 -1.206094 
765.000000 	 -1.187881 
770.000000 	 -1.152444 
775.000000 	 -1.110208 
780.000000 	 -1.033314 
785.000000 	 -0.915231 
790.000000 	 -0.767261 
795.000000 	 -0.609397 
800.000000 	 -0.402280 
805.000000 	 -0.247166 
810.000000 	 -0.188698 
815.000000 	 -0.117909 
820.000000 	 0.044456 
825.000000 	 0.266120 
830.000000 	 0.637700 
835.000000 	 0.732848 
840.000000 	 0.886449 
845.000000 	 0.746631 
850.000000 	 0.816086 
855.000000 	 0.865738 
860.000000 	 0.905901 
865.000000 	 0.946256 
870.000000 	 0.945754 
875.000000 	 1.059952 
880.000000 	 1.076584 
885.000000 	 1.197901 
890.000000 	 1.405895 
895.000000 	 1.244794 
900.000000 	 1.317416 
905.000000 	 1.534286 
910.000000 	 1.598216 
915.000000 	 1.482976 
920.000000 	 1.253812 
925.000000 	 1.210684 
930.000000 	 1.360391 
935.000000 	 1.065087 
940.000000 	 0.904587 
945.000000 	 0.981095 
950.000000 	 1.192493 
955.000000 	 1.028920 
960.000000 	 0.894999 
965.000000 	 0.950925 
970.000000 	 0.967032 
975.000000 	 0.888586 
980.000000 	 0.840283 
985.000000 	 0.943118 
990.000000 	 1.130507 
995.000000 	 1.119114 
1000.000000 	 1.032090 
1005.000000 	 1.030880 
1010.000000 	 1.056276 
1015.000000 	 0.949610 
1020.000000 	 0.855965 
1025.000000 	 0.883745 
1030.000000 	 0.975827 
1035.000000 	 1.040983 
1040.000000 	 1.047730 
1045.000000 	 1.042345 
1050.000000 	 0.767144 
1055.000000 	 0.604691 
1060.000000 	 0.559799 
1065.000000 	 0.679606 
1070.000000 	 0.895392 
1075.000000 	 0.862114 
1080.000000 	 0.850590 
1085.000000 	 0.656357 
1090.000000 	 0.510788 
1095.000000 	 0.401124 
1100.000000 	 0.350014 
1105.000000 	 0.344137 
1110.000000 	 0.315586 
1115.000000 	 0.370999 
1120.000000 	 0.427687 
1125.000000 	 0.480042 
1130.000000 	 0.429104 
1135.000000 	 0.365935 
1140.000000 	 0.378278 
1145.000000 	 0.337043 
1150.000000 	 0.231378 
1155.000000 	 0.358375 
1160.000000 	 0.498868 
1165.000000 	 0.565279 
1170.000000 	 0.607034 
1175.000000 	 0.651428 
1180.000000 	 0.627927 
1185.000000 	 0.533360 
1190.000000 	 0.453818 
1195.000000 	 0.431351 
1200.000000 	 0.413170 
1205.000000 	 0.421520 
1210.000000 	 0.482144 
1215.000000 	 0.398779 
1220.000000 	 0.314392 
1225.000000 	 0.298729 
1230.000000 	 0.260305 
1235.000000 	 0.226365 
1240.000000 	 0.205715 
1245.000000 	 0.156130 
1250.000000 	 0.080014 
1255.000000 	 0.058567 
1255.000000 	 -400.000000 
0.000000 	 -400.000000 
0.000000 	 -1.602946 
>  	  33  #ff00ff
 0.000000 	 -2.358189 
65.000000 	 -3.433642 
114.000000 	 -3.963096 
144.000000 	 -4.450475 
152.000000 	 -4.545784 
166.000000 	 -4.593438 
188.000000 	 -4.784054 
222.000000 	 -4.688746 
238.000000 	 -4.498129 
253.000000 	 -4.313467 
312.000000 	 -3.449739 
367.000000 	 -2.449003 
386.000000 	 -2.142807 
444.000000 	 -0.781319 
486.000000 	 -0.379299 
525.000000 	 -0.379299 
578.000000 	 -0.481403 
659.000000 	 -0.996594 
716.000000 	 -1.301438 
757.000000 	 -1.469497 
799.000000 	 -0.856751 
835.000000 	 0.145496 
887.000000 	 0.585975 
1081.000000 	 -0.184124 
1087.000000 	 -0.132017 
1097.000000 	 -0.132017 
1122.000000 	 -0.480604 
1178.000000 	 -0.478520 
1255.000000 	 -0.673881 
1255.000000 	 -0.673881 
1255.000000 	 -400.000000 
0.000000 	 -400.000000 
0.000000 	 -2.358189 
>  	  36  #55ff7f
 0.000000 	 -2.358189 
65.000000 	 -3.433642 
114.000000 	 -3.963096 
144.000000 	 -4.450475 
152.000000 	 -4.545784 
166.000000 	 -4.593438 
188.000000 	 -4.784054 
222.000000 	 -4.688746 
238.000000 	 -4.498129 
253.000000 	 -4.313467 
312.000000 	 -3.449739 
367.000000 	 -2.449003 
386.000000 	 -2.142807 
444.000000 	 -0.781319 
486.000000 	 -0.379299 
525.000000 	 -0.379299 
578.000000 	 -0.481403 
659.000000 	 -0.996594 
716.000000 	 -1.301438 
757.000000 	 -1.469497 
799.000000 	 -0.856751 
835.000000 	 0.145496 
887.000000 	 0.585975 
1081.000000 	 -0.184124 
1087.000000 	 -0.132017 
1097.000000 	 -0.132017 
1122.000000 	 -0.480604 
1123.000000 	 -2.920715 
1126.000000 	 -6.225092 
1130.000000 	 -12.795259 
1154.000000 	 -3.036848 
1209.000000 	 -3.135792 
1255.000000 	 -4.817838 
1255.000000 	 -400.000000 
0.000000 	 -400.000000 
0.000000 	 -2.358189 
>  	  42  #cb8765
 0.000000 	 -2.358189 
65.000000 	 -3.433642 
114.000000 	 -3.963096 
144.000000 	 -4.450475 
152.000000 	 -4.545784 
166.000000 	 -4.593438 
188.000000 	 -4.784054 
222.000000 	 -4.688746 
238.000000 	 -4.498129 
253.000000 	 -4.313467 
312.000000 	 -3.449739 
367.000000 	 -2.449003 
386.000000 	 -2.142807 
444.000000 	 -0.781319 
486.000000 	 -0.379299 
525.000000 	 -0.379299 
578.000000 	 -0.481403 
659.000000 	 -0.996594 
716.000000 	 -1.301438 
757.000000 	 -1.469497 
799.000000 	 -0.856751 
835.000000 	 0.145496 
887.000000 	 0.585975 
1081.000000 	 -0.184124 
1082.000000 	 -5.119412 
1089.000000 	 -12.188479 
1103.000000 	 -10.434542 
1108.000000 	 -11.837692 
1114.000000 	 -15.525099 
1123.000000 	 -22.038562 
1134.000000 	 -24.969958 
1139.000000 	 -27.092953 
1144.000000 	 -29.909529 
1144.000000 	 -26.990429 
1140.000000 	 -20.607380 
1130.000000 	 -12.795259 
1154.000000 	 -3.036848 
1209.000000 	 -3.135792 
1255.000000 	 -4.817838 
1255.000000 	 -400.000000 
0.000000 	 -400.000000 
0.000000 	 -2.358189 
>  	  50  #ffaa7f
 0.000000 	 -2.358189 
65.000000 	 -3.433642 
114.000000 	 -3.963096 
144.000000 	 -4.450475 
152.000000 	 -4.545784 
166.000000 	 -4.593438 
188.000000 	 -4.784054 
222.000000 	 -4.688746 
238.000000 	 -4.498129 
253.000000 	 -4.313467 
312.000000 	 -3.449739 
367.000000 	 -2.449003 
386.000000 	 -2.142807 
444.000000 	 -0.781319 
486.000000 	 -0.379299 
525.000000 	 -0.379299 
578.000000 	 -0.481403 
659.000000 	 -0.996594 
716.000000 	 -1.301438 
757.000000 	 -1.469497 
799.000000 	 -0.856751 
835.000000 	 0.145496 
840.000000 	 -1.103250 
850.000000 	 -1.964079 
865.000000 	 -3.359144 
886.000000 	 -2.522105 
919.000000 	 -6.149275 
918.000000 	 -3.359144 
960.000000 	 -4.660815 
997.000000 	 -2.523550 
1028.000000 	 -3.573257 
1060.000000 	 -8.440082 
1077.000000 	 -13.879474 
1085.000000 	 -17.648877 
1092.000000 	 -19.462008 
1101.000000 	 -16.287982 
1114.000000 	 -15.525099 
1123.000000 	 -22.038562 
1134.000000 	 -24.969958 
1139.000000 	 -27.092953 
1144.000000 	 -29.909529 
1144.000000 	 -26.990429 
1140.000000 	 -20.607380 
1130.000000 	 -12.795259 
1154.000000 	 -3.036848 
1209.000000 	 -3.135792 
1255.000000 	 -4.817838 
1255.000000 	 -400.000000 
0.000000 	 -400.000000 
0.000000 	 -2.358189 
>  	  58  #ffaa00
 0.000000 	 -2.358189 
65.000000 	 -3.433642 
114.000000 	 -3.963096 
144.000000 	 -4.450475 
152.000000 	 -4.545784 
166.000000 	 -4.593438 
188.000000 	 -4.784054 
222.000000 	 -4.688746 
238.000000 	 -4.498129 
253.000000 	 -4.313467 
312.000000 	 -3.449739 
367.000000 	 -2.449003 
386.000000 	 -2.142807 
444.000000 	 -0.781319 
486.000000 	 -0.379299 
525.000000 	 -0.379299 
516.000000 	 -1.948232 
506.000000 	 -4.323119 
494.000000 	 -15.944791 
522.000000 	 -10.951843 
542.000000 	 -12.404290 
565.000000 	 -8.408732 
601.000000 	 -8.896956 
695.000000 	 -9.590027 
760.000000 	 -10.139311 
794.000000 	 -11.368225 
816.000000 	 -12.376524 
828.000000 	 -14.224012 
837.000000 	 -13.563350 
852.000000 	 -16.318345 
874.000000 	 -14.897190 
850.000000 	 -1.964079 
865.000000 	 -3.359144 
886.000000 	 -2.522105 
919.000000 	 -6.149275 
918.000000 	 -3.359144 
960.000000 	 -4.660815 
997.000000 	 -2.523550 
1028.000000 	 -3.573257 
1060.000000 	 -8.440082 
1077.000000 	 -13.879474 
1085.000000 	 -17.648877 
1092.000000 	 -19.462008 
1101.000000 	 -16.287982 
1114.000000 	 -15.525099 
1123.000000 	 -22.038562 
1134.000000 	 -24.969958 
1139.000000 	 -27.092953 
1144.000000 	 -29.909529 
1144.000000 	 -26.990429 
1140.000000 	 -20.607380 
1130.000000 	 -12.795259 
1154.000000 	 -3.036848 
1209.000000 	 -3.135792 
1255.000000 	 -4.817838 
1255.000000 	 -400.000000 
0.000000 	 -400.000000 
0.000000 	 -2.358189 
>  	  59  #ffaaff
 0.000000 	 -2.358189 
65.000000 	 -3.433642 
114.000000 	 -3.963096 
144.000000 	 -4.450475 
152.000000 	 -4.545784 
166.000000 	 -4.593438 
188.000000 	 -4.784054 
222.000000 	 -4.688746 
238.000000 	 -4.498129 
253.000000 	 -4.313467 
312.000000 	 -3.449739 
367.000000 	 -2.449003 
386.000000 	 -2.142807 
388.000000 	 -3.995375 
391.000000 	 -6.519164 
394.000000 	 -10.143754 
423.000000 	 -10.409705 
455.000000 	 -10.744943 
506.000000 	 -4.323119 
494.000000 	 -15.944791 
522.000000 	 -10.951843 
542.000000 	 -12.404290 
565.000000 	 -8.408732 
601.000000 	 -8.896956 
695.000000 	 -9.590027 
760.000000 	 -10.139311 
794.000000 	 -11.368225 
816.000000 	 -12.376524 
828.000000 	 -14.224012 
837.000000 	 -13.563350 
852.000000 	 -16.318345 
874.000000 	 -14.897190 
850.000000 	 -1.964079 
865.000000 	 -3.359144 
886.000000 	 -2.522105 
919.000000 	 -6.149275 
918.000000 	 -3.359144 
960.000000 	 -4.660815 
997.000000 	 -2.523550 
1028.000000 	 -3.573257 
1060.000000 	 -8.440082 
1077.000000 	 -13.879474 
1085.000000 	 -17.648877 
1092.000000 	 -19.462008 
1101.000000 	 -16.287982 
1114.000000 	 -15.525099 
1123.000000 	 -22.038562 
1134.000000 	 -24.969958 
1139.000000 	 -27.092953 
1144.000000 	 -29.909529 
1144.000000 	 -26.990429 
1140.000000 	 -20.607380 
1130.000000 	 -12.795259 
1154.000000 	 -3.036848 
1209.000000 	 -3.135792 
1255.000000 	 -4.817838 
1255.000000 	 -400.000000 
0.000000 	 -400.000000 
0.000000 	 -2.358189 
>  	  59  #ff007f
 0.000000 	 -2.358189 
65.000000 	 -3.433642 
114.000000 	 -3.963096 
144.000000 	 -4.450475 
152.000000 	 -4.545784 
166.000000 	 -4.593438 
188.000000 	 -4.784054 
222.000000 	 -4.688746 
238.000000 	 -4.498129 
240.000000 	 -5.122320 
243.000000 	 -5.711733 
264.000000 	 -8.431558 
316.000000 	 -8.861817 
363.000000 	 -9.464180 
392.000000 	 -10.002591 
394.000000 	 -10.143754 
423.000000 	 -10.409705 
455.000000 	 -10.744943 
506.000000 	 -4.323119 
494.000000 	 -15.944791 
522.000000 	 -10.951843 
542.000000 	 -12.404290 
565.000000 	 -8.408732 
601.000000 	 -8.896956 
695.000000 	 -9.590027 
760.000000 	 -10.139311 
794.000000 	 -11.368225 
816.000000 	 -12.376524 
828.000000 	 -14.224012 
837.000000 	 -13.563350 
852.000000 	 -16.318345 
874.000000 	 -14.897190 
850.000000 	 -1.964079 
865.000000 	 -3.359144 
886.000000 	 -2.522105 
919.000000 	 -6.149275 
918.000000 	 -3.359144 
960.000000 	 -4.660815 
997.000000 	 -2.523550 
1028.000000 	 -3.573257 
1060.000000 	 -8.440082 
1077.000000 	 -13.879474 
1085.000000 	 -17.648877 
1092.000000 	 -19.462008 
1101.000000 	 -16.287982 
1114.000000 	 -15.525099 
1123.000000 	 -22.038562 
1134.000000 	 -24.969958 
1139.000000 	 -27.092953 
1144.000000 	 -29.909529 
1144.000000 	 -26.990429 
1140.000000 	 -20.607380 
1130.000000 	 -12.795259 
1154.000000 	 -3.036848 
1209.000000 	 -3.135792 
1255.000000 	 -4.817838 
1255.000000 	 -400.000000 
0.000000 	 -400.000000 
0.000000 	 -2.358189 
>  	  56  #ffaa7f
 0.000000 	 -2.358189 
65.000000 	 -3.433642 
114.000000 	 -3.963096 
144.000000 	 -4.450475 
133.000000 	 -6.341381 
120.000000 	 -8.732739 
189.000000 	 -7.858843 
218.000000 	 -8.139854 
264.000000 	 -8.431558 
316.000000 	 -8.861817 
363.000000 	 -9.464180 
392.000000 	 -10.002591 
394.000000 	 -10.143754 
423.000000 	 -10.409705 
455.000000 	 -10.744943 
506.000000 	 -4.323119 
494.000000 	 -15.944791 
522.000000 	 -10.951843 
542.000000 	 -12.404290 
565.000000 	 -8.408732 
601.000000 	 -8.896956 
695.000000 	 -9.590027 
760.000000 	 -10.139311 
794.000000 	 -11.368225 
816.000000 	 -12.376524 
828.000000 	 -14.224012 
837.000000 	 -13.563350 
852.000000 	 -16.318345 
874.000000 	 -14.897190 
850.000000 	 -1.964079 
865.000000 	 -3.359144 
886.000000 	 -2.522105 
919.000000 	 -6.149275 
918.000000 	 -3.359144 
960.000000 	 -4.660815 
997.000000 	 -2.523550 
1028.000000 	 -3.573257 
1060.000000 	 -8.440082 
1077.000000 	 -13.879474 
1085.000000 	 -17.648877 
1092.000000 	 -19.462008 
1101.000000 	 -16.287982 
1114.000000 	 -15.525099 
1123.000000 	 -22.038562 
1134.000000 	 -24.969958 
1139.000000 	 -27.092953 
1144.000000 	 -29.909529 
1144.000000 	 -26.990429 
1140.000000 	 -20.607380 
1130.000000 	 -12.795259 
1154.000000 	 -3.036848 
1209.000000 	 -3.135792 
1255.000000 	 -4.817838 
1255.000000 	 -400.000000 
0.000000 	 -400.000000 
0.000000 	 -2.358189 
>  	  56  #55ffff
 0.000000 	 -11.765192 
34.000000 	 -10.582855 
66.000000 	 -9.937466 
90.000000 	 -9.206025 
120.000000 	 -8.732739 
189.000000 	 -7.858843 
218.000000 	 -8.139854 
264.000000 	 -8.431558 
316.000000 	 -8.861817 
363.000000 	 -9.464180 
392.000000 	 -10.002591 
394.000000 	 -10.143754 
423.000000 	 -10.409705 
455.000000 	 -10.744943 
506.000000 	 -4.323119 
494.000000 	 -15.944791 
522.000000 	 -10.951843 
542.000000 	 -12.404290 
565.000000 	 -8.408732 
601.000000 	 -8.896956 
695.000000 	 -9.590027 
760.000000 	 -10.139311 
794.000000 	 -11.368225 
816.000000 	 -12.376524 
828.000000 	 -14.224012 
837.000000 	 -13.563350 
852.000000 	 -16.318345 
874.000000 	 -14.897190 
850.000000 	 -1.964079 
865.000000 	 -3.359144 
886.000000 	 -2.522105 
919.000000 	 -6.149275 
918.000000 	 -3.359144 
960.000000 	 -4.660815 
997.000000 	 -2.523550 
1028.000000 	 -3.573257 
1060.000000 	 -8.440082 
1077.000000 	 -13.879474 
1085.000000 	 -17.648877 
1092.000000 	 -19.462008 
1101.000000 	 -16.287982 
1114.000000 	 -15.525099 
1123.000000 	 -22.038562 
1134.000000 	 -24.969958 
1139.000000 	 -27.092953 
1144.000000 	 -29.909529 
1144.000000 	 -26.990429 
1140.000000 	 -20.607380 
1130.000000 	 -12.795259 
1154.000000 	 -3.036848 
1209.000000 	 -3.135792 
1255.000000 	 -4.817838 
1255.000000 	 -4.817838 
1255.000000 	 -400.000000 
0.000000 	 -400.000000 
0.000000 	 -11.765192 
>  	  41  #aaaa7f
 0.000000 	 -11.765192 
34.000000 	 -10.582855 
66.000000 	 -9.937466 
90.000000 	 -9.206025 
120.000000 	 -8.732739 
189.000000 	 -7.858843 
218.000000 	 -8.139854 
264.000000 	 -8.431558 
316.000000 	 -8.861817 
363.000000 	 -9.464180 
392.000000 	 -10.002591 
394.000000 	 -10.143754 
423.000000 	 -10.409705 
455.000000 	 -10.744943 
506.000000 	 -4.323119 
494.000000 	 -15.944791 
522.000000 	 -10.951843 
542.000000 	 -12.404290 
565.000000 	 -8.408732 
601.000000 	 -8.896956 
695.000000 	 -9.590027 
760.000000 	 -10.139311 
794.000000 	 -11.368225 
816.000000 	 -12.376524 
828.000000 	 -14.224012 
837.000000 	 -13.563350 
852.000000 	 -16.318345 
874.000000 	 -14.897190 
890.000000 	 -18.342138 
927.000000 	 -26.751861 
957.000000 	 -35.612260 
992.000000 	 -35.209514 
1017.000000 	 -36.149254 
1051.000000 	 -34.940944 
1127.000000 	 -32.089983 
1134.000000 	 -31.576560 
1154.000000 	 -31.139786 
1255.000000 	 -32.569684 
1255.000000 	 -400.000000 
0.000000 	 -400.000000 
0.000000 	 -11.765192 
>  	  42  #55ffff
 0.000000 	 -11.765192 
34.000000 	 -10.582855 
66.000000 	 -9.937466 
90.000000 	 -9.206025 
120.000000 	 -8.732739 
189.000000 	 -7.858843 
218.000000 	 -8.139854 
264.000000 	 -8.431558 
316.000000 	 -8.861817 
363.000000 	 -9.464180 
392.000000 	 -10.002591 
394.000000 	 -10.143754 
423.000000 	 -10.409705 
455.000000 	 -10.744943 
506.000000 	 -4.323119 
494.000000 	 -15.944791 
487.000000 	 -19.590375 
482.000000 	 -22.782419 
479.000000 	 -26.148934 
477.000000 	 -27.917094 
473.000000 	 -31.849803 
520.000000 	 -27.945088 
578.000000 	 -25.992730 
677.000000 	 -24.954380 
760.000000 	 -26.083033 
801.000000 	 -29.468991 
828.000000 	 -31.718348 
854.000000 	 -34.104071 
892.000000 	 -36.754875 
927.000000 	 -40.982198 
941.000000 	 -38.297229 
957.000000 	 -35.612260 
992.000000 	 -35.209514 
1017.000000 	 -36.149254 
1051.000000 	 -34.940944 
1127.000000 	 -32.089983 
1134.000000 	 -31.576560 
1154.000000 	 -31.139786 
1255.000000 	 -32.569684 
1255.000000 	 -400.000000 
0.000000 	 -400.000000 
0.000000 	 -11.765192 
>  	  43  #ff55ff
 0.000000 	 -11.765192 
34.000000 	 -10.582855 
66.000000 	 -9.937466 
90.000000 	 -9.206025 
120.000000 	 -8.732739 
189.000000 	 -7.858843 
218.000000 	 -8.139854 
264.000000 	 -8.431558 
316.000000 	 -8.861817 
363.000000 	 -9.464180 
392.000000 	 -10.002591 
397.000000 	 -14.141725 
398.000000 	 -17.039119 
399.000000 	 -19.453614 
400.000000 	 -21.009674 
401.000000 	 -21.178253 
402.000000 	 -21.454195 
434.000000 	 -25.646592 
445.000000 	 -26.854039 
479.000000 	 -26.148934 
477.000000 	 -27.917094 
473.000000 	 -31.849803 
520.000000 	 -27.945088 
578.000000 	 -25.992730 
677.000000 	 -24.954380 
760.000000 	 -26.083033 
801.000000 	 -29.468991 
828.000000 	 -31.718348 
854.000000 	 -34.104071 
892.000000 	 -36.754875 
927.000000 	 -40.982198 
941.000000 	 -38.297229 
957.000000 	 -35.612260 
992.000000 	 -35.209514 
1017.000000 	 -36.149254 
1051.000000 	 -34.940944 
1127.000000 	 -32.089983 
1134.000000 	 -31.576560 
1154.000000 	 -31.139786 
1255.000000 	 -32.569684 
1255.000000 	 -400.000000 
0.000000 	 -400.000000 
0.000000 	 -11.765192 
>  	  45  #aaffff
 120.000000 	 -8.732739 
189.000000 	 -7.858843 
218.000000 	 -8.139854 
264.000000 	 -8.431558 
282.000000 	 -10.646193 
292.000000 	 -12.980564 
307.000000 	 -13.635600 
324.000000 	 -14.508980 
337.000000 	 -15.069005 
368.000000 	 -17.630588 
382.000000 	 -19.139701 
400.000000 	 -21.009674 
401.000000 	 -21.178253 
402.000000 	 -21.454195 
434.000000 	 -25.646592 
445.000000 	 -26.854039 
479.000000 	 -26.148934 
477.000000 	 -27.917094 
473.000000 	 -31.849803 
520.000000 	 -27.945088 
578.000000 	 -25.992730 
677.000000 	 -24.954380 
760.000000 	 -26.083033 
801.000000 	 -29.468991 
828.000000 	 -31.718348 
854.000000 	 -34.104071 
892.000000 	 -36.754875 
927.000000 	 -40.982198 
941.000000 	 -38.297229 
957.000000 	 -35.612260 
992.000000 	 -35.209514 
1017.000000 	 -36.149254 
1051.000000 	 -34.940944 
1127.000000 	 -32.089983 
1134.000000 	 -31.576560 
1154.000000 	 -31.139786 
1255.000000 	 -32.569684 
1255.000000 	 -400.000000 
0.000000 	 -400.000000 
0.000000 	 -18.269757 
0.000000 	 -11.765192 
34.000000 	 -10.582855 
66.000000 	 -9.937466 
90.000000 	 -9.206025 
120.000000 	 -8.732739 
>  	  46  #ff00ff
 0.000000 	 -18.269757 
11.000000 	 -17.238294 
40.000000 	 -15.380096 
100.000000 	 -11.725080 
107.000000 	 -11.070045 
113.000000 	 -9.980492 
120.000000 	 -8.732739 
189.000000 	 -7.858843 
218.000000 	 -8.139854 
264.000000 	 -8.431558 
282.000000 	 -10.646193 
292.000000 	 -12.980564 
307.000000 	 -13.635600 
324.000000 	 -14.508980 
337.000000 	 -15.069005 
368.000000 	 -17.630588 
382.000000 	 -19.139701 
400.000000 	 -21.009674 
401.000000 	 -21.178253 
402.000000 	 -21.454195 
434.000000 	 -25.646592 
445.000000 	 -26.854039 
479.000000 	 -26.148934 
477.000000 	 -27.917094 
473.000000 	 -31.849803 
520.000000 	 -27.945088 
578.000000 	 -25.992730 
677.000000 	 -24.954380 
760.000000 	 -26.083033 
801.000000 	 -29.468991 
828.000000 	 -31.718348 
854.000000 	 -34.104071 
892.000000 	 -36.754875 
927.000000 	 -40.982198 
941.000000 	 -38.297229 
957.000000 	 -35.612260 
992.000000 	 -35.209514 
1017.000000 	 -36.149254 
1051.000000 	 -34.940944 
1127.000000 	 -32.089983 
1134.000000 	 -31.576560 
1154.000000 	 -31.139786 
1255.000000 	 -32.569684 
1255.000000 	 -400.000000 
0.000000 	 -400.000000 
0.000000 	 -18.269757 
>  	  43  #ff557f
 0.000000 	 -18.269757 
11.000000 	 -17.238294 
40.000000 	 -15.380096 
100.000000 	 -11.725080 
107.000000 	 -11.070045 
156.000000 	 -10.387946 
190.000000 	 -9.978319 
254.000000 	 -11.179217 
292.000000 	 -12.980564 
307.000000 	 -13.635600 
324.000000 	 -14.508980 
337.000000 	 -15.069005 
368.000000 	 -17.630588 
382.000000 	 -19.139701 
400.000000 	 -21.009674 
401.000000 	 -21.178253 
402.000000 	 -21.454195 
434.000000 	 -25.646592 
445.000000 	 -26.854039 
479.000000 	 -26.148934 
477.000000 	 -27.917094 
473.000000 	 -31.849803 
520.000000 	 -27.945088 
578.000000 	 -25.992730 
677.000000 	 -24.954380 
760.000000 	 -26.083033 
801.000000 	 -29.468991 
828.000000 	 -31.718348 
854.000000 	 -34.104071 
892.000000 	 -36.754875 
927.000000 	 -40.982198 
941.000000 	 -38.297229 
957.000000 	 -35.612260 
992.000000 	 -35.209514 
1017.000000 	 -36.149254 
1051.000000 	 -34.940944 
1127.000000 	 -32.089983 
1134.000000 	 -31.576560 
1154.000000 	 -31.139786 
1255.000000 	 -32.569684 
1255.000000 	 -400.000000 
0.000000 	 -400.000000 
0.000000 	 -18.269757 
>  	  46  #aaaa00
 0.000000 	 -18.269757 
11.000000 	 -17.238294 
40.000000 	 -15.380096 
100.000000 	 -11.725080 
107.000000 	 -11.070045 
156.000000 	 -10.387946 
190.000000 	 -9.978319 
254.000000 	 -11.179217 
292.000000 	 -12.980564 
307.000000 	 -13.635600 
324.000000 	 -14.508980 
337.000000 	 -15.069005 
368.000000 	 -17.630588 
382.000000 	 -19.139701 
400.000000 	 -21.009674 
401.000000 	 -21.178253 
402.000000 	 -21.454195 
434.000000 	 -25.646592 
445.000000 	 -26.854039 
479.000000 	 -26.148934 
477.000000 	 -27.917094 
473.000000 	 -31.849803 
520.000000 	 -27.945088 
578.000000 	 -25.992730 
677.000000 	 -24.954380 
760.000000 	 -26.083033 
801.000000 	 -29.468991 
828.000000 	 -31.718348 
854.000000 	 -34.104071 
892.000000 	 -36.754875 
927.000000 	 -40.982198 
941.000000 	 -38.297229 
957.000000 	 -35.612260 
992.000000 	 -35.209514 
1017.000000 	 -36.149254 
1051.000000 	 -34.940944 
1073.000000 	 -67.402356 
1084.000000 	 -92.810003 
1096.000000 	 -120.201979 
1122.000000 	 -120.271367 
1159.000000 	 -119.438706 
1255.000000 	 -116.420017 
1255.000000 	 -400.000000 
0.000000 	 -400.000000 
0.000000 	 -88.901281 
0.000000 	 -18.269757 
>  	  50  #ff0000
 0.000000 	 -18.269757 
11.000000 	 -17.238294 
40.000000 	 -15.380096 
100.000000 	 -11.725080 
107.000000 	 -11.070045 
156.000000 	 -10.387946 
190.000000 	 -9.978319 
254.000000 	 -11.179217 
292.000000 	 -12.980564 
307.000000 	 -13.635600 
324.000000 	 -14.508980 
337.000000 	 -15.069005 
368.000000 	 -17.630588 
382.000000 	 -19.139701 
400.000000 	 -21.009674 
401.000000 	 -21.178253 
402.000000 	 -21.454195 
434.000000 	 -25.646592 
445.000000 	 -26.854039 
479.000000 	 -26.148934 
477.000000 	 -27.917094 
473.000000 	 -31.849803 
466.000000 	 -39.709294 
513.000000 	 -34.503007 
593.000000 	 -31.255732 
687.000000 	 -30.957727 
593.000000 	 -31.255732 
687.000000 	 -30.957727 
762.000000 	 -34.184406 
796.000000 	 -38.390023 
824.000000 	 -44.551741 
851.000000 	 -47.485892 
885.000000 	 -46.996867 
905.000000 	 -44.738157 
927.000000 	 -40.982198 
941.000000 	 -38.297229 
957.000000 	 -35.612260 
992.000000 	 -35.209514 
1017.000000 	 -36.149254 
1051.000000 	 -34.940944 
1073.000000 	 -67.402356 
1084.000000 	 -92.810003 
1096.000000 	 -120.201979 
1122.000000 	 -120.271367 
1159.000000 	 -119.438706 
1255.000000 	 -116.420017 
1255.000000 	 -400.000000 
0.000000 	 -400.000000 
0.000000 	 -88.901281 
0.000000 	 -18.269757 
>  	  45  #ff557f
 0.000000 	 -18.269757 
11.000000 	 -17.238294 
40.000000 	 -15.380096 
100.000000 	 -11.725080 
107.000000 	 -11.070045 
156.000000 	 -10.387946 
190.000000 	 -9.978319 
254.000000 	 -11.179217 
292.000000 	 -12.980564 
307.000000 	 -13.635600 
324.000000 	 -14.508980 
337.000000 	 -15.069005 
368.000000 	 -17.630588 
382.000000 	 -19.139701 
400.000000 	 -21.009674 
401.000000 	 -21.178253 
402.000000 	 -21.454195 
434.000000 	 -25.646592 
445.000000 	 -26.854039 
479.000000 	 -26.148934 
477.000000 	 -27.917094 
473.000000 	 -31.849803 
466.000000 	 -39.709294 
513.000000 	 -34.503007 
593.000000 	 -31.255732 
687.000000 	 -30.957727 
762.000000 	 -34.184406 
796.000000 	 -38.390023 
824.000000 	 -44.551741 
851.000000 	 -47.485892 
880.000000 	 -81.152784 
900.000000 	 -109.719295 
911.000000 	 -131.285210 
936.000000 	 -120.525061 
969.000000 	 -114.712335 
1007.000000 	 -115.802221 
1036.000000 	 -119.925123 
1096.000000 	 -120.201979 
1122.000000 	 -120.271367 
1159.000000 	 -119.438706 
1255.000000 	 -116.420017 
1255.000000 	 -400.000000 
0.000000 	 -400.000000 
0.000000 	 -88.901281 
0.000000 	 -18.269757 
>  	  47  #ff557f
 0.000000 	 -18.269757 
11.000000 	 -17.238294 
40.000000 	 -15.380096 
100.000000 	 -11.725080 
107.000000 	 -11.070045 
156.000000 	 -10.387946 
190.000000 	 -9.978319 
254.000000 	 -11.179217 
292.000000 	 -12.980564 
307.000000 	 -13.635600 
324.000000 	 -14.508980 
337.000000 	 -15.069005 
368.000000 	 -17.630588 
382.000000 	 -19.139701 
400.000000 	 -21.009674 
401.000000 	 -21.178253 
402.000000 	 -21.454195 
434.000000 	 -25.646592 
445.000000 	 -26.854039 
479.000000 	 -26.148934 
477.000000 	 -27.917094 
473.000000 	 -31.849803 
466.000000 	 -39.709294 
460.000000 	 -46.705099 
445.000000 	 -61.687458 
426.000000 	 -87.486978 
455.000000 	 -96.979237 
490.000000 	 -111.628655 
575.000000 	 -124.613366 
655.000000 	 -121.283953 
710.000000 	 -130.273368 
765.000000 	 -140.927490 
810.000000 	 -146.920434 
910.000000 	 -131.272192 
910.000000 	 -131.272192 
911.000000 	 -131.285210 
936.000000 	 -120.525061 
969.000000 	 -114.712335 
1007.000000 	 -115.802221 
1036.000000 	 -119.925123 
1096.000000 	 -120.201979 
1122.000000 	 -120.271367 
1159.000000 	 -119.438706 
1255.000000 	 -116.420017 
1255.000000 	 -400.000000 
0.000000 	 -400.000000 
0.000000 	 -18.269757 
>  	  29  #ffaaff
 0.000000 	 -88.513170 
72.000000 	 -76.211261 
151.000000 	 -71.788077 
242.000000 	 -72.808811 
347.000000 	 -80.294200 
384.000000 	 -83.016159 
384.000000 	 -83.016159 
426.000000 	 -87.486978 
455.000000 	 -96.979237 
490.000000 	 -111.628655 
575.000000 	 -124.613366 
655.000000 	 -121.283953 
710.000000 	 -130.273368 
765.000000 	 -140.927490 
810.000000 	 -146.920434 
910.000000 	 -131.272192 
910.000000 	 -131.272192 
911.000000 	 -131.285210 
936.000000 	 -120.525061 
969.000000 	 -114.712335 
1007.000000 	 -115.802221 
1036.000000 	 -119.925123 
1096.000000 	 -120.201979 
1122.000000 	 -120.271367 
1159.000000 	 -119.438706 
1255.000000 	 -116.420017 
1255.000000 	 -400.000000 
0.000000 	 -400.000000 
0.000000 	 -88.513170 
