 >          23
 >         282
     0.000    -1.602
     5.000    -1.643
    10.000    -1.691
    15.000    -1.641
    20.000    -1.923
    25.000    -2.028
    30.000    -2.046
    35.000    -2.223
    40.000    -2.376
    45.000    -2.402
    50.000    -2.471
    55.000    -2.342
    60.000    -2.435
    65.000    -2.487
    70.000    -2.682
    75.000    -2.738
    80.000    -2.750
    85.000    -2.779
    90.000    -2.807
    95.000    -2.847
   100.000    -2.871
   105.000    -2.899
   110.000    -2.919
   115.000    -2.928
   120.000    -2.931
   125.000    -3.004
   130.000    -3.067
   135.000    -3.145
   140.000    -3.177
   145.000    -3.173
   150.000    -3.042
   155.000    -3.038
   160.000    -3.392
   165.000    -3.471
   170.000    -3.456
   175.000    -3.459
   180.000    -3.487
   185.000    -3.498
   190.000    -3.508
   195.000    -3.470
   200.000    -3.524
   205.000    -3.511
   210.000    -3.381
   215.000    -3.366
   220.000    -3.175
   225.000    -2.796
   230.000    -3.314
   235.000    -3.573
   240.000    -3.603
   245.000    -3.562
   250.000    -3.590
   255.000    -3.597
   260.000    -3.205
   265.000    -3.207
   270.000    -3.116
   275.000    -3.109
   280.000    -3.052
   285.000    -3.013
   290.000    -2.827
   295.000    -2.663
   300.000    -2.544
   305.000    -2.513
   310.000    -2.428
   315.000    -2.410
   320.000    -2.307
   325.000    -2.131
   330.000    -2.142
   335.000    -1.990
   340.000    -2.137
   345.000    -1.999
   350.000    -2.029
   355.000    -1.714
   360.000    -1.846
   365.000    -1.481
   370.000    -1.264
   375.000    -1.214
   380.000    -1.182
   385.000    -0.992
   390.000    -0.888
   395.000    -0.742
   400.000    -0.684
   405.000    -0.574
   410.000    -0.399
   415.000    -0.241
   420.000    -0.170
   425.000    -0.120
   430.000    -0.088
   435.000    -0.014
   440.000     0.050
   445.000     0.121
   450.000     0.235
   455.000     0.282
   460.000     0.188
   465.000     0.288
   470.000     0.649
   475.000     0.690
   480.000     0.568
   485.000     0.655
   490.000     0.751
   495.000     0.765
   500.000     0.643
   505.000     0.761
   510.000     0.759
   515.000     0.700
   520.000     0.636
   525.000     0.638
   530.000     0.541
   535.000     0.384
   540.000     0.303
   545.000     0.304
   550.000     0.255
   555.000     0.204
   560.000     0.197
   565.000     0.186
   570.000     0.143
   575.000     0.102
   580.000     0.062
   585.000     0.024
   590.000     0.010
   595.000     0.015
   600.000     0.005
   605.000    -0.009
   610.000    -0.019
   615.000    -0.032
   620.000    -0.042
   625.000    -0.053
   630.000    -0.066
   635.000    -0.078
   640.000    -0.089
   645.000    -0.099
   650.000    -0.106
   655.000    -0.112
   660.000    -0.126
   665.000    -0.157
   670.000    -0.259
   675.000    -0.397
   680.000    -0.546
   685.000    -0.654
   690.000    -0.743
   695.000    -0.832
   700.000    -0.898
   705.000    -0.932
   710.000    -0.980
   715.000    -1.031
   720.000    -1.063
   725.000    -1.116
   730.000    -1.153
   735.000    -1.179
   740.000    -1.201
   745.000    -1.212
   750.000    -1.213
   755.000    -1.207
   760.000    -1.206
   765.000    -1.187
   770.000    -1.152
   775.000    -1.110
   780.000    -1.033
   785.000    -0.915
   790.000    -0.767
   795.000    -0.609
   800.000    -0.402
   805.000    -0.247
   810.000    -0.188
   815.000    -0.117
   820.000     0.044
   825.000     0.266
   830.000     0.637
   835.000     0.732
   840.000     0.886
   845.000     0.746
   850.000     0.816
   855.000     0.865
   860.000     0.905
   865.000     0.946
   870.000     0.945
   875.000     1.059
   880.000     1.076
   885.000     1.197
   890.000     1.405
   895.000     1.244
   900.000     1.317
   905.000     1.534
   910.000     1.598
   915.000     1.482
   920.000     1.253
   925.000     1.210
   930.000     1.360
   935.000     1.065
   940.000     0.904
   945.000     0.981
   950.000     1.192
   955.000     1.028
   960.000     0.894
   965.000     0.950
   970.000     0.967
   975.000     0.888
   980.000     0.840
   985.000     0.943
   990.000     1.130
   995.000     1.119
  1000.000     1.032
  1005.000     1.030
  1010.000     1.056
  1015.000     0.949
  1020.000     0.855
  1025.000     0.883
  1030.000     0.975
  1035.000     1.040
  1040.000     1.047
  1045.000     1.042
  1050.000     0.767
  1055.000     0.604
  1060.000     0.559
  1065.000     0.679
  1070.000     0.895
  1075.000     0.862
  1080.000     0.850
  1085.000     0.656
  1090.000     0.510
  1095.000     0.401
  1100.000     0.350
  1105.000     0.344
  1110.000     0.315
  1115.000     0.370
  1120.000     0.427
  1125.000     0.480
  1130.000     0.429
  1135.000     0.365
  1140.000     0.378
  1145.000     0.337
  1150.000     0.231
  1155.000     0.358
  1160.000     0.498
  1165.000     0.565
  1170.000     0.607
  1175.000     0.651
  1180.000     0.627
  1185.000     0.533
  1190.000     0.453
  1195.000     0.431
  1200.000     0.413
  1205.000     0.421
  1210.000     0.482
  1215.000     0.398
  1220.000     0.314
  1225.000     0.298
  1230.000     0.260
  1235.000     0.226
  1240.000     0.205
  1245.000     0.156
  1250.000     0.080
  1255.000     0.058
  1255.000    -0.673
  1178.000    -0.478
  1122.000    -0.480
  1097.000    -0.132
  1087.000    -0.132
  1081.000    -0.184
   887.000     0.585
   835.000     0.145
   799.000    -0.856
   757.000    -1.469
   716.000    -1.301
   659.000    -0.996
   578.000    -0.481
   525.000    -0.379
   486.000    -0.379
   444.000    -0.781
   386.000    -2.142
   367.000    -2.449
   312.000    -3.449
   253.000    -4.313
   238.000    -4.498
   222.000    -4.688
   188.000    -4.784
   166.000    -4.593
   152.000    -4.545
   144.000    -4.450
   114.000    -3.963
    65.000    -3.433
     0.000    -2.358
     0.000    -1.602
 >          10
  1122.000    -0.480
  1178.000    -0.478
  1255.000    -0.673
  1255.000    -4.817
  1209.000    -3.135
  1154.000    -3.036
  1130.000   -12.795
  1126.000    -6.225
  1123.000    -2.920
  1122.000    -0.480
 >          19
  1081.000    -0.184
  1087.000    -0.132
  1097.000    -0.132
  1122.000    -0.480
  1123.000    -2.920
  1126.000    -6.225
  1130.000   -12.795
  1140.000   -20.607
  1144.000   -26.990
  1144.000   -29.909
  1139.000   -27.092
  1134.000   -24.969
  1123.000   -22.038
  1114.000   -15.525
  1108.000   -11.837
  1103.000   -10.434
  1089.000   -12.188
  1082.000    -5.119
  1081.000    -0.184
 >          23
   835.000     0.145
   887.000     0.585
  1081.000    -0.184
  1082.000    -5.119
  1089.000   -12.188
  1103.000   -10.434
  1108.000   -11.837
  1114.000   -15.525
  1101.000   -16.287
  1092.000   -19.462
  1085.000   -17.648
  1077.000   -13.879
  1060.000    -8.440
  1028.000    -3.573
   997.000    -2.523
   960.000    -4.660
   918.000    -3.359
   919.000    -6.149
   886.000    -2.522
   865.000    -3.359
   850.000    -1.964
   840.000    -1.103
   835.000     0.145
 >          25
   525.000    -0.379
   578.000    -0.481
   659.000    -0.996
   716.000    -1.301
   757.000    -1.469
   799.000    -0.856
   835.000     0.145
   840.000    -1.103
   850.000    -1.964
   874.000   -14.897
   852.000   -16.318
   837.000   -13.563
   828.000   -14.224
   816.000   -12.376
   794.000   -11.368
   760.000   -10.139
   695.000    -9.590
   601.000    -8.896
   565.000    -8.408
   542.000   -12.404
   522.000   -10.951
   494.000   -15.944
   506.000    -4.323
   516.000    -1.948
   525.000    -0.379
 >          12
   386.000    -2.142
   444.000    -0.781
   486.000    -0.379
   525.000    -0.379
   516.000    -1.948
   506.000    -4.323
   455.000   -10.744
   423.000   -10.409
   394.000   -10.143
   391.000    -6.519
   388.000    -3.995
   386.000    -2.142
 >          15
   238.000    -4.498
   253.000    -4.313
   312.000    -3.449
   367.000    -2.449
   386.000    -2.142
   388.000    -3.995
   391.000    -6.519
   394.000   -10.143
   392.000   -10.002
   363.000    -9.464
   316.000    -8.861
   264.000    -8.431
   243.000    -5.711
   240.000    -5.122
   238.000    -4.498
 >          14
   144.000    -4.450
   152.000    -4.545
   166.000    -4.593
   188.000    -4.784
   222.000    -4.688
   238.000    -4.498
   240.000    -5.122
   243.000    -5.711
   264.000    -8.431
   218.000    -8.139
   189.000    -7.858
   120.000    -8.732
   133.000    -6.341
   144.000    -4.450
 >          11
     0.000    -2.358
    65.000    -3.433
   114.000    -3.963
   144.000    -4.450
   133.000    -6.341
   120.000    -8.732
    90.000    -9.206
    66.000    -9.937
    34.000   -10.582
     0.000   -11.765
     0.000    -2.358
 >          36
   874.000   -14.897
   850.000    -1.964
   865.000    -3.359
   886.000    -2.522
   919.000    -6.149
   918.000    -3.359
   960.000    -4.660
   997.000    -2.523
  1028.000    -3.573
  1060.000    -8.440
  1077.000   -13.879
  1085.000   -17.648
  1092.000   -19.462
  1101.000   -16.287
  1114.000   -15.525
  1123.000   -22.038
  1134.000   -24.969
  1139.000   -27.092
  1144.000   -29.909
  1144.000   -26.990
  1140.000   -20.607
  1130.000   -12.795
  1154.000    -3.036
  1209.000    -3.135
  1255.000    -4.817
  1255.000   -32.569
  1154.000   -31.139
  1134.000   -31.576
  1127.000   -32.089
  1051.000   -34.940
  1017.000   -36.149
   992.000   -35.209
   957.000   -35.612
   927.000   -26.751
   890.000   -18.342
   874.000   -14.897
 >          32
   494.000   -15.944
   522.000   -10.951
   542.000   -12.404
   565.000    -8.408
   601.000    -8.896
   695.000    -9.590
   760.000   -10.139
   794.000   -11.368
   816.000   -12.376
   828.000   -14.224
   837.000   -13.563
   852.000   -16.318
   874.000   -14.897
   890.000   -18.342
   927.000   -26.751
   957.000   -35.612
   941.000   -38.297
   927.000   -40.982
   892.000   -36.754
   854.000   -34.104
   828.000   -31.718
   801.000   -29.468
   760.000   -26.083
   677.000   -24.954
   578.000   -25.992
   520.000   -27.945
   473.000   -31.849
   477.000   -27.917
   479.000   -26.148
   482.000   -22.782
   487.000   -19.590
   494.000   -15.944
 >          18
   392.000   -10.002
   394.000   -10.143
   423.000   -10.409
   455.000   -10.744
   506.000    -4.323
   494.000   -15.944
   487.000   -19.590
   482.000   -22.782
   479.000   -26.148
   445.000   -26.854
   434.000   -25.646
   402.000   -21.454
   401.000   -21.178
   400.000   -21.009
   399.000   -19.453
   398.000   -17.039
   397.000   -14.141
   392.000   -10.002
 >          16
   264.000    -8.431
   316.000    -8.861
   363.000    -9.464
   392.000   -10.002
   397.000   -14.141
   398.000   -17.039
   399.000   -19.453
   400.000   -21.009
   382.000   -19.139
   368.000   -17.630
   337.000   -15.069
   324.000   -14.508
   307.000   -13.635
   292.000   -12.980
   282.000   -10.646
   264.000    -8.431
 >          12
     0.000   -18.269
     0.000   -11.765
    34.000   -10.582
    66.000    -9.937
    90.000    -9.206
   120.000    -8.732
   113.000    -9.980
   107.000   -11.070
   100.000   -11.725
    40.000   -15.380
    11.000   -17.238
     0.000   -18.269
 >          12
   107.000   -11.070
   113.000    -9.980
   120.000    -8.732
   189.000    -7.858
   218.000    -8.139
   264.000    -8.431
   282.000   -10.646
   292.000   -12.980
   254.000   -11.179
   190.000    -9.978
   156.000   -10.387
   107.000   -11.070
 >          12
  1051.000   -34.940
  1127.000   -32.089
  1134.000   -31.576
  1154.000   -31.139
  1255.000   -32.569
  1255.000  -116.420
  1159.000  -119.438
  1122.000  -120.271
  1096.000  -120.201
  1084.000   -92.810
  1073.000   -67.402
  1051.000   -34.940
 >          23
   473.000   -31.849
   520.000   -27.945
   578.000   -25.992
   677.000   -24.954
   760.000   -26.083
   801.000   -29.468
   828.000   -31.718
   854.000   -34.104
   892.000   -36.754
   927.000   -40.982
   905.000   -44.738
   885.000   -46.996
   851.000   -47.485
   824.000   -44.551
   796.000   -38.390
   762.000   -34.184
   687.000   -30.957
   593.000   -31.255
   687.000   -30.957
   593.000   -31.255
   513.000   -34.503
   466.000   -39.709
   473.000   -31.849
 >          20
   851.000   -47.485
   885.000   -46.996
   905.000   -44.738
   927.000   -40.982
   941.000   -38.297
   957.000   -35.612
   992.000   -35.209
  1017.000   -36.149
  1051.000   -34.940
  1073.000   -67.402
  1084.000   -92.810
  1096.000  -120.201
  1036.000  -119.925
  1007.000  -115.802
   969.000  -114.712
   936.000  -120.525
   911.000  -131.285
   900.000  -109.719
   880.000   -81.152
   851.000   -47.485
 >          23
   466.000   -39.709
   513.000   -34.503
   593.000   -31.255
   687.000   -30.957
   762.000   -34.184
   796.000   -38.390
   824.000   -44.551
   851.000   -47.485
   880.000   -81.152
   900.000  -109.719
   911.000  -131.285
   910.000  -131.272
   810.000  -146.920
   765.000  -140.927
   710.000  -130.273
   655.000  -121.283
   575.000  -124.613
   490.000  -111.628
   455.000   -96.979
   426.000   -87.486
   445.000   -61.687
   460.000   -46.705
   466.000   -39.709
 >          33
     0.000   -18.269
    11.000   -17.238
    40.000   -15.380
   100.000   -11.725
   107.000   -11.070
   156.000   -10.387
   190.000    -9.978
   254.000   -11.179
   292.000   -12.980
   307.000   -13.635
   324.000   -14.508
   337.000   -15.069
   368.000   -17.630
   382.000   -19.139
   400.000   -21.009
   401.000   -21.178
   402.000   -21.454
   434.000   -25.646
   445.000   -26.854
   479.000   -26.148
   477.000   -27.917
   473.000   -31.849
   466.000   -39.709
   460.000   -46.705
   445.000   -61.687
   426.000   -87.486
   384.000   -83.016
   347.000   -80.294
   242.000   -72.808
   151.000   -71.788
    72.000   -76.211
     0.000   -88.513
     0.000   -18.269
 >           5
   467.000  -158.031
   593.000  -161.897
   496.000  -391.892
   380.000  -388.993
   467.000  -158.031
 >          10
   914.000  -134.984
   950.000  -165.762
   974.000  -194.753
   995.000  -230.025
  1010.000  -275.928
   895.000  -282.692
   872.000  -238.240
   846.000  -197.652
   811.000  -150.911
   914.000  -134.984
 >          29
     0.000   -88.513
    72.000   -76.211
   151.000   -71.788
   242.000   -72.808
   347.000   -80.294
   384.000   -83.016
   384.000   -83.016
   426.000   -87.486
   455.000   -96.979
   490.000  -111.628
   575.000  -124.613
   655.000  -121.283
   710.000  -130.273
   765.000  -140.927
   810.000  -146.920
   910.000  -131.272
   910.000  -131.272
   911.000  -131.285
   936.000  -120.525
   969.000  -114.712
  1007.000  -115.802
  1036.000  -119.925
  1096.000  -120.201
  1122.000  -120.271
  1159.000  -119.438
  1255.000  -116.420
  1255.000  -400.000
     0.000  -400.000
     0.000   -88.513
