-202.5		 -88.513170 
# 	  29  #800080 3.603E+03 asthenosphere
 0.000000 	 -88.513170 
72.000000 	 -76.211261 
151.000000 	 -71.788077 
242.000000 	 -72.808811 
347.000000 	 -80.294200 
384.000000 	 -83.016159 
384.000000 	 -83.016159 
426.000000 	 -87.486978 
455.000000 	 -96.979237 
490.000000 	 -111.628655 
575.000000 	 -124.613366 
655.000000 	 -121.283953 
710.000000 	 -130.273368 
765.000000 	 -140.927490 
810.000000 	 -146.920434 
# Slab 2
#  	  10  #ffaaff -3.100E+03 Thermal
811.000000 	 -150.911282 
846.000000 	 -197.652674 
872.000000 	 -238.240036 
895.000000 	 -282.692861 
1010.000000 	 -275.928300 
995.000000 	 -230.025927 
974.000000 	 -194.753577 
950.000000 	 -165.762604 
914.000000 	 -134.984890 
#
910.000000 	 -131.272192 
911.000000 	 -131.285210 
936.000000 	 -120.525061 
969.000000 	 -114.712335 
1007.000000 	 -115.802221 
1036.000000 	 -119.925123 
1096.000000 	 -120.201979 
1122.000000 	 -120.271367 
1159.000000 	 -119.438706 
1255.000000 	 -116.420017 
1457.500000 	 -116.420017 
1457.500000 	 0.000000 
-202.5		 0.000000 
-202.5		 -88.513170 
