 >          25
 >         301
     0.000    -0.429
     5.000    -0.518
    10.000    -0.625
    15.000    -0.657
    20.000    -0.616
    25.000    -0.535
    30.000    -0.413
    35.000    -0.333
    40.000    -0.199
    45.000    -0.108
    50.000    -0.126
    55.000    -0.160
    60.000    -0.107
    65.000    -0.069
    70.000    -0.113
    75.000    -0.094
    80.000    -0.084
    85.000    -0.087
    90.000    -0.098
    95.000    -0.085
   100.000    -0.058
   105.000    -0.048
   110.000    -0.011
   115.000     0.054
   120.000     0.097
   125.000     0.098
   130.000     0.110
   135.000     0.148
   140.000     0.274
   145.000     0.366
   150.000     0.316
   155.000     0.283
   160.000     0.298
   165.000     0.266
   170.000     0.286
   175.000     0.281
   180.000     0.249
   185.000     0.257
   190.000     0.295
   195.000     0.383
   200.000     0.388
   205.000     0.339
   210.000     0.290
   215.000     0.292
   220.000     0.263
   225.000     0.389
   230.000     0.479
   235.000     0.547
   240.000     0.559
   245.000     0.443
   250.000     0.378
   255.000     0.501
   260.000     0.698
   265.000     0.693
   270.000     0.679
   275.000     0.668
   280.000     0.614
   285.000     0.522
   290.000     0.383
   295.000     0.360
   300.000     0.338
   305.000     0.265
   310.000     0.183
   315.000     0.136
   320.000     0.086
   325.000     0.061
   330.000     0.025
   335.000    -0.004
   340.000    -0.017
   345.000    -0.024
   350.000    -0.035
   355.000    -0.044
   360.000    -0.052
   365.000    -0.058
   370.000    -0.063
   375.000    -0.065
   380.000    -0.067
   385.000    -0.066
   390.000    -0.067
   395.000    -0.066
   400.000    -0.065
   405.000    -0.062
   410.000    -0.060
   415.000    -0.058
   420.000    -0.055
   425.000    -0.052
   430.000    -0.050
   435.000    -0.049
   440.000    -0.048
   445.000    -0.047
   450.000    -0.047
   455.000    -0.043
   460.000    -0.042
   465.000    -0.030
   470.000    -0.012
   475.000    -0.013
   480.000     0.000
   485.000     0.012
   490.000     0.033
   495.000     0.055
   500.000     0.000
   505.000     0.025
   510.000     0.038
   515.000    -0.017
   520.000     0.053
   525.000     0.107
   530.000     0.075
   535.000     0.313
   540.000     0.652
   545.000     0.921
   550.000     0.928
   555.000     0.875
   560.000     0.718
   565.000     0.715
   570.000     0.537
   575.000     0.433
   580.000     0.387
   585.000     0.233
   590.000     0.224
   595.000     0.204
   600.000     0.198
   605.000     0.198
   610.000     0.175
   615.000     0.171
   620.000     0.191
   625.000     0.202
   630.000     0.194
   635.000     0.165
   640.000     0.153
   645.000     0.147
   650.000     0.161
   655.000     0.163
   660.000     0.164
   665.000     0.151
   670.000     0.138
   675.000     0.135
   680.000     0.135
   685.000     0.124
   690.000     0.131
   695.000     0.138
   700.000     0.143
   705.000     0.142
   710.000     0.144
   715.000     0.143
   720.000     0.153
   725.000     0.175
   730.000     0.187
   735.000     0.173
   740.000     0.150
   745.000     0.127
   750.000     0.119
   755.000     0.119
   760.000     0.132
   765.000     0.133
   770.000     0.138
   775.000     0.145
   780.000     0.147
   785.000     0.153
   790.000     0.157
   795.000     0.173
   800.000     0.175
   805.000     0.177
   810.000     0.185
   815.000     0.186
   820.000     0.173
   825.000     0.164
   830.000     0.168
   835.000     0.172
   840.000     0.176
   845.000     0.175
   850.000     0.173
   855.000     0.156
   860.000     0.149
   865.000     0.148
   870.000     0.139
   875.000     0.119
   880.000     0.111
   885.000     0.116
   890.000     0.111
   895.000     0.122
   900.000     0.113
   905.000     0.100
   910.000     0.095
   915.000     0.094
   920.000     0.092
   925.000     0.094
   930.000     0.096
   935.000     0.099
   940.000     0.101
   945.000     0.105
   950.000     0.110
   955.000     0.118
   960.000     0.119
   965.000     0.118
   970.000     0.115
   975.000     0.110
   980.000     0.103
   985.000     0.094
   990.000     0.088
   995.000     0.085
  1000.000     0.083
  1005.000     0.082
  1010.000     0.082
  1015.000     0.081
  1020.000     0.081
  1025.000     0.081
  1030.000     0.081
  1035.000     0.081
  1040.000     0.082
  1045.000     0.082
  1050.000     0.082
  1055.000     0.082
  1060.000     0.083
  1065.000     0.084
  1070.000     0.084
  1070.000    -2.311
  1041.000    -2.094
  1016.000    -1.862
  1004.000    -2.553
   998.000    -2.449
   980.000    -1.668
   967.000    -1.892
   942.000    -1.877
   934.000    -2.214
   927.000    -1.960
   919.000    -1.989
   917.000    -2.281
   907.000    -2.334
   891.000    -3.455
   883.000    -3.909
   874.000    -3.775
   869.000    -3.487
   858.000    -3.038
   850.000    -3.482
   840.000    -2.925
   834.000    -2.536
   819.000    -2.229
   815.000    -2.416
   807.000    -2.461
   797.000    -2.283
   791.000    -1.841
   785.000    -1.929
   779.000    -2.283
   770.000    -2.253
   765.000    -1.959
   755.000    -2.401
   751.000    -2.578
   742.000    -2.371
   726.000    -3.315
   719.000    -2.843
   711.000    -1.854
   705.000    -1.626
   698.000    -1.626
   688.000    -1.968
   671.000    -1.683
   645.000    -0.839
   582.000     0.001
   575.000     0.092
   560.000     0.318
   541.000     0.055
   517.000    -0.499
   495.000    -0.654
   474.000    -0.962
   459.000    -0.993
   434.000    -1.086
   412.000    -2.015
   390.000    -2.905
   350.000    -3.925
   339.000    -4.086
   325.000    -1.594
   312.000    -0.895
   304.000    -1.430
   297.000    -1.731
   289.000    -1.430
   277.000    -2.389
   262.000    -1.361
   254.000    -1.807
   238.000    -1.865
   226.000    -1.485
   204.000    -1.923
   173.000    -1.841
   153.000    -1.600
   142.000    -1.738
   128.000    -1.883
   118.000    -2.468
   113.000    -2.643
   108.000    -2.789
   104.000    -2.810
   101.000    -2.706
    99.000    -2.634
    95.000    -2.603
    89.000    -2.458
    80.000    -1.936
    70.000    -1.411
    57.000    -2.976
    48.000    -2.109
    43.000    -2.071
    28.000    -4.276
    15.000    -5.171
     0.000    -4.641
     0.000    -0.429
 >          11
    57.000    -2.976
    70.000    -1.411
    80.000    -1.936
    89.000    -2.458
    95.000    -2.603
   100.000    -3.981
    97.000    -8.694
    81.000    -6.978
    74.000    -6.144
    67.000    -4.875
    57.000    -2.976
 >          58
   238.000    -1.865
   254.000    -1.807
   262.000    -1.361
   277.000    -2.389
   289.000    -1.430
   297.000    -1.731
   304.000    -1.430
   312.000    -0.895
   325.000    -1.594
   339.000    -4.086
   350.000    -3.925
   390.000    -2.905
   412.000    -2.015
   434.000    -1.086
   459.000    -0.993
   474.000    -0.962
   495.000    -0.654
   517.000    -0.499
   541.000     0.055
   560.000     0.318
   575.000     0.092
   582.000     0.001
   645.000    -0.839
   659.000    -5.056
   683.000    -6.741
   696.000    -7.440
   705.000    -8.280
   716.000   -10.598
   747.000   -22.293
   638.000   -18.186
   595.000   -18.457
   566.000   -18.660
   546.000   -17.650
   529.000   -16.691
   516.000   -16.091
   494.000   -14.266
   516.000   -16.091
   494.000   -14.266
   486.000   -15.595
   480.000   -13.668
   466.000   -12.253
   442.000   -12.964
   421.000   -13.488
   401.000   -14.056
   375.000   -14.366
   361.000   -14.089
   336.000   -13.513
   325.000   -11.363
   297.000   -13.620
   278.000    -9.751
   271.000   -11.083
   265.000   -12.172
   260.000   -13.203
   255.000   -12.701
   236.000   -12.079
   236.000    -8.467
   237.000    -5.574
   238.000    -1.865
 >          29
   104.000    -2.810
   108.000    -2.789
   113.000    -2.643
   118.000    -2.468
   128.000    -1.883
   142.000    -1.738
   153.000    -1.600
   173.000    -1.841
   204.000    -1.923
   226.000    -1.485
   238.000    -1.865
   237.000    -5.574
   236.000    -8.467
   236.000   -12.079
   235.000   -12.040
   234.000   -11.995
   229.000   -11.982
   197.000   -11.328
   173.000   -11.179
   154.000   -11.069
   136.000   -10.631
   121.000   -10.557
   102.000   -10.741
   101.000   -10.761
   100.000   -10.741
   101.000    -8.457
   102.000    -6.568
   103.000    -4.388
   104.000    -2.810
 >          25
     0.000    -4.641
    15.000    -5.171
    28.000    -4.276
    43.000    -2.071
    48.000    -2.109
    57.000    -2.976
    67.000    -4.875
    74.000    -6.144
    81.000    -6.978
    97.000    -8.694
   100.000    -3.981
    95.000    -2.603
    99.000    -2.634
   101.000    -2.706
   104.000    -2.810
   103.000    -4.388
   102.000    -6.568
   101.000    -8.457
   100.000   -10.741
    93.000   -10.814
    77.000   -10.892
    62.000   -10.984
    29.000   -12.131
     0.000   -12.321
     0.000    -4.641
 >          53
   711.000    -1.854
   719.000    -2.843
   726.000    -3.315
   742.000    -2.371
   751.000    -2.578
   755.000    -2.401
   765.000    -1.959
   770.000    -2.253
   779.000    -2.283
   785.000    -1.929
   791.000    -1.841
   797.000    -2.283
   807.000    -2.461
   815.000    -2.416
   819.000    -2.229
   834.000    -2.536
   840.000    -2.925
   850.000    -3.482
   858.000    -3.038
   869.000    -3.487
   874.000    -3.775
   883.000    -3.909
   891.000    -3.455
   907.000    -2.334
   917.000    -2.281
   919.000    -1.989
   927.000    -1.960
   934.000    -2.214
   942.000    -1.877
   967.000    -1.892
   980.000    -1.668
   998.000    -2.449
  1004.000    -2.553
  1016.000    -1.862
  1041.000    -2.094
  1070.000    -2.311
  1070.000   -20.074
  1000.000   -19.880
   902.000   -19.965
   878.000   -19.789
   855.000   -20.898
   810.000   -21.574
   796.000   -22.156
   773.000   -23.711
   766.000   -24.005
   752.000   -22.280
   741.000   -15.562
   734.000   -12.066
   729.000   -10.019
   724.000    -7.290
   721.000    -5.169
   717.000    -3.823
   711.000    -1.854
 >          29
   747.000   -22.293
   716.000   -10.598
   705.000    -8.280
   696.000    -7.440
   683.000    -6.741
   659.000    -5.056
   645.000    -0.839
   671.000    -1.683
   688.000    -1.968
   698.000    -1.626
   705.000    -1.626
   711.000    -1.854
   717.000    -3.823
   721.000    -5.169
   724.000    -7.290
   729.000   -10.019
   734.000   -12.066
   741.000   -15.562
   752.000   -22.280
   754.000   -23.445
   755.000   -24.777
   757.000   -26.416
   755.000   -26.053
   753.000   -25.453
   752.000   -24.813
   751.000   -24.233
   750.000   -23.513
   749.000   -22.893
   747.000   -22.293
 >          33
   486.000   -15.595
   494.000   -14.266
   516.000   -16.091
   494.000   -14.266
   516.000   -16.091
   529.000   -16.691
   546.000   -17.650
   566.000   -18.660
   595.000   -18.457
   638.000   -18.186
   747.000   -22.293
   749.000   -22.893
   750.000   -23.513
   751.000   -24.233
   670.000   -25.776
   656.000   -26.142
   640.000   -25.504
   619.000   -26.250
   598.000   -27.266
   578.000   -29.082
   560.000   -31.470
   551.000   -31.409
   546.000   -31.544
   543.000   -31.457
   540.000   -31.457
   538.000   -28.496
   532.000   -25.052
   530.000   -23.571
   525.000   -23.505
   525.000   -22.078
   509.000   -19.340
   498.000   -17.952
   486.000   -15.595
 >          33
   336.000   -13.513
   361.000   -14.089
   375.000   -14.366
   401.000   -14.056
   421.000   -13.488
   442.000   -12.964
   466.000   -12.253
   480.000   -13.668
   486.000   -15.595
   498.000   -17.952
   509.000   -19.340
   525.000   -22.078
   525.000   -23.505
   516.000   -22.478
   506.000   -22.297
   500.000   -22.357
   494.000   -22.900
   479.000   -22.297
   460.000   -21.658
   428.000   -21.024
   405.000   -21.179
   385.000   -21.489
   364.000   -22.005
   315.000   -24.112
   312.000   -23.304
   308.000   -22.603
   305.000   -22.253
   302.000   -21.565
   308.000   -20.675
   314.000   -19.353
   318.000   -17.751
   323.000   -15.641
   336.000   -13.513
 >          31
   234.000   -11.995
   235.000   -12.040
   236.000   -12.079
   255.000   -12.701
   260.000   -13.203
   265.000   -12.172
   271.000   -11.083
   278.000    -9.751
   297.000   -13.620
   325.000   -11.363
   336.000   -13.513
   323.000   -15.641
   318.000   -17.751
   314.000   -19.353
   308.000   -20.675
   302.000   -21.565
   289.000   -20.241
   285.000   -20.057
   280.000   -20.084
   277.000   -22.043
   276.000   -23.276
   272.000   -23.711
   266.000   -24.091
   261.000   -24.091
   257.000   -24.007
   251.000   -23.928
   240.000   -22.521
   220.000   -20.941
   228.000   -17.070
   232.000   -14.584
   234.000   -11.995
 >          20
   102.000   -10.741
   121.000   -10.557
   136.000   -10.631
   154.000   -11.069
   173.000   -11.179
   197.000   -11.328
   229.000   -11.982
   234.000   -11.995
   232.000   -14.584
   228.000   -17.070
   220.000   -20.941
   215.000   -20.778
   190.000   -20.787
   162.000   -18.071
   129.000   -17.388
   101.000   -17.633
   100.000   -17.571
   101.000   -14.311
   101.000   -12.505
   102.000   -10.741
 >          16
     0.000   -12.321
    29.000   -12.131
    62.000   -10.984
    77.000   -10.892
    93.000   -10.814
   100.000   -10.741
   101.000   -10.761
   102.000   -10.741
   101.000   -12.505
   101.000   -14.311
   100.000   -17.571
    89.000   -17.343
    84.000   -17.388
    34.000   -18.454
     0.000   -17.822
     0.000   -12.321
 >          16
   101.000   -17.633
   129.000   -17.388
   162.000   -18.071
   190.000   -20.787
   215.000   -20.778
   220.000   -20.941
   240.000   -22.521
   251.000   -23.928
   245.000   -25.076
   235.000   -25.602
   184.000   -24.662
   142.000   -23.502
   100.000   -22.880
   100.000   -20.847
   101.000   -18.817
   101.000   -17.633
 >          13
     0.000   -17.822
    34.000   -18.454
    84.000   -17.388
    89.000   -17.343
   100.000   -17.571
   101.000   -17.633
   101.000   -18.817
   100.000   -20.847
   100.000   -22.880
    82.000   -22.849
    33.000   -23.766
     0.000   -23.133
     0.000   -17.822
 >          20
   276.000   -23.276
   277.000   -22.043
   280.000   -20.084
   285.000   -20.057
   289.000   -20.241
   302.000   -21.565
   305.000   -22.253
   308.000   -22.603
   312.000   -23.304
   315.000   -24.112
   310.000   -24.981
   298.000   -27.066
   291.000   -27.596
   280.000   -30.538
   267.000   -37.224
   269.000   -31.519
   271.000   -28.219
   273.000   -26.352
   274.000   -25.015
   276.000   -23.276
 >          24
   757.000   -26.416
   755.000   -24.777
   754.000   -23.445
   752.000   -22.280
   766.000   -24.005
   773.000   -23.711
   796.000   -22.156
   810.000   -21.574
   855.000   -20.898
   878.000   -19.789
   902.000   -19.965
  1000.000   -19.880
  1070.000   -20.074
  1070.000   -24.110
   969.000   -24.710
   902.000   -24.875
   879.000   -24.353
   855.000   -24.875
   840.000   -25.040
   811.000   -25.412
   784.000   -27.380
   759.000   -27.308
   758.000   -26.692
   757.000   -26.416
 >          19
   494.000   -22.900
   500.000   -22.357
   506.000   -22.297
   516.000   -22.478
   525.000   -23.505
   530.000   -23.571
   532.000   -25.052
   538.000   -28.496
   540.000   -31.457
   541.000   -33.280
   542.000   -35.332
   542.000   -37.745
   532.000   -34.487
   524.000   -29.297
   520.000   -27.245
   515.000   -25.797
   507.000   -24.168
   501.000   -23.504
   494.000   -22.900
 >          18
   560.000   -31.470
   578.000   -29.082
   598.000   -27.266
   619.000   -26.250
   640.000   -25.504
   656.000   -26.142
   670.000   -25.776
   751.000   -24.233
   752.000   -24.813
   753.000   -25.453
   732.000   -26.984
   701.000   -28.089
   647.000   -32.213
   620.000   -33.094
   594.000   -33.839
   575.000   -33.839
   567.000   -32.958
   560.000   -31.470
 >          34
   267.000   -37.224
   280.000   -30.538
   291.000   -27.596
   298.000   -27.066
   310.000   -24.981
   315.000   -24.112
   364.000   -22.005
   385.000   -21.489
   405.000   -21.179
   428.000   -21.024
   460.000   -21.658
   479.000   -22.297
   494.000   -22.900
   501.000   -23.504
   507.000   -24.168
   515.000   -25.797
   520.000   -27.245
   524.000   -29.297
   532.000   -34.487
   542.000   -37.745
   555.000   -41.925
   561.000   -45.244
   516.000   -36.707
   477.000   -32.794
   427.000   -30.780
   392.000   -31.193
   338.000   -32.959
   317.000   -35.266
   296.000   -38.270
   282.000   -41.511
   255.000   -52.486
   257.000   -47.043
   260.000   -43.058
   267.000   -37.224
 >          17
   759.000   -27.308
   784.000   -27.380
   811.000   -25.412
   840.000   -25.040
   855.000   -24.875
   879.000   -24.353
   902.000   -24.875
   969.000   -24.710
  1070.000   -24.110
  1070.000   -85.764
   936.000   -85.847
   847.000   -85.710
   800.000   -89.624
   785.000   -74.166
   776.000   -56.581
   764.000   -37.308
   759.000   -27.308
 >          26
   551.000   -31.409
   560.000   -31.470
   567.000   -32.958
   575.000   -33.839
   594.000   -33.839
   620.000   -33.094
   647.000   -32.213
   701.000   -28.089
   732.000   -26.984
   753.000   -25.453
   755.000   -26.053
   757.000   -26.416
   758.000   -26.692
   759.000   -27.308
   764.000   -37.308
   776.000   -56.581
   785.000   -74.166
   800.000   -89.624
   755.000  -100.198
   718.000  -106.343
   701.000  -111.841
   681.000  -123.485
   657.000   -96.358
   635.000   -78.787
   580.000   -45.699
   551.000   -31.409
 >          35
   255.000   -52.486
   282.000   -41.511
   296.000   -38.270
   317.000   -35.266
   338.000   -32.959
   392.000   -31.193
   427.000   -30.780
   477.000   -32.794
   516.000   -36.707
   561.000   -45.244
   555.000   -41.925
   542.000   -37.745
   542.000   -35.332
   541.000   -33.280
   540.000   -31.457
   543.000   -31.457
   546.000   -31.544
   551.000   -31.409
   580.000   -45.699
   635.000   -78.787
   657.000   -96.358
   681.000  -123.485
   598.000  -149.360
   572.000  -157.284
   519.000  -138.363
   461.000  -123.485
   400.000  -112.771
   336.000  -144.197
   295.000  -128.549
   266.000  -117.856
   244.000  -106.903
   231.000   -78.476
   241.000   -68.271
   250.000   -57.813
   255.000   -52.486
 >          26
   184.000   -24.662
   235.000   -25.602
   245.000   -25.076
   251.000   -23.928
   257.000   -24.007
   261.000   -24.091
   266.000   -24.091
   272.000   -23.711
   276.000   -23.276
   274.000   -25.015
   273.000   -26.352
   271.000   -28.219
   269.000   -31.519
   267.000   -37.224
   260.000   -43.058
   257.000   -47.043
   255.000   -52.486
   250.000   -57.813
   241.000   -68.271
   231.000   -78.476
   209.000   -73.390
   152.000   -76.911
   115.000   -77.346
   145.000   -53.806
   171.000   -34.166
   184.000   -24.662
 >          13
     0.000   -23.133
    33.000   -23.766
    82.000   -22.849
   100.000   -22.880
   142.000   -23.502
   184.000   -24.662
   171.000   -34.166
   145.000   -53.806
   115.000   -77.346
    65.000   -81.342
    30.000   -92.353
     0.000  -124.288
     0.000   -23.133
 >          28
     0.000  -124.288
    30.000   -92.353
    65.000   -81.342
   115.000   -77.346
   152.000   -76.911
   209.000   -73.390
   231.000   -78.476
   244.000  -106.903
   266.000  -117.856
   295.000  -128.549
   336.000  -144.197
   400.000  -112.771
   461.000  -123.485
   519.000  -138.363
   572.000  -157.284
   598.000  -149.360
   681.000  -123.485
   701.000  -111.841
   718.000  -106.343
   755.000  -100.198
   800.000   -89.624
   847.000   -85.710
   936.000   -85.847
  1070.000   -85.764
  1070.000   -85.764
  1070.000  -400.000
     0.000  -400.000
     0.000  -124.288
